<html>
<body>
<pre>
<h1>µVision Build Log</h1>
<h2>Tool Versions:</h2>
IDE-Version: µVision V5.24.2.0
Copyright (C) 2017 ARM Ltd and ARM Germany GmbH. All rights reserved.
License Information: Hui Hui, Hui, LIC=53CY8-3MIU6-N2WLJ-U6MHP-9XMRA-R5UDW
 
Tool Versions:
Toolchain:       MDK-ARM Basic (256K)  Version: 5.24.1
Toolchain Path:  C:\Keil_v5\ARM\ARMCC\Bin
C Compiler:      Armcc.exe V5.06 update 5 (build 528)
Assembler:       Armasm.exe V5.06 update 5 (build 528)
Linker/Locator:  ArmLink.exe V5.06 update 5 (build 528)
Library Manager: ArmAr.exe V5.06 update 5 (build 528)
Hex Converter:   FromElf.exe V5.06 update 5 (build 528)
CPU DLL:         SARMCM3.DLL V5.24.1
Dialog DLL:      DCM.DLL V1.16.0.0
Target DLL:      STLink\ST-LINKIII-KEIL_SWO.dll V3.0.1.0
Dialog DLL:      TCM.DLL V1.32.0.0
 
<h2>Project:</h2>
C:\Users\Yaroslav\Google Äèñê\Projects\STM32\EmbeddedControlRefactored\EmbeddedControl-Refactored\MDK-ARM\EmbeddedControl-Refactored.uvprojx
Project File Date:  12/02/2017

<h2>Output:</h2>
*** Using Compiler 'V5.06 update 5 (build 528)', folder: 'C:\Keil_v5\ARM\ARMCC\Bin'
Build target 'EmbeddedControl-Refactored'
compiling freertos.c...
../Src/freertos.c(206): warning:  #167-D: argument of type "void (*)(const void *)" is incompatible with parameter of type "TimerCallbackFunction_t"
    UARTTimer = xTimerCreate("timer", 
HORE_DELAY/
ortTICK_RATE_MS, 
dFALSE, 0, func_tUartTimer);
../Src/freertos.c(328): warning:  #68-D: integer conversion resulted in a change of sign
  		qDataSend(DTYPE_IMU, 
MA_DEV_NULL, &IMUResponseBuf[0], 0, 0);
../Src/freertos.c(346): warning:  #550-D: variable "rollError"  was set but never used
  	float rollError, pitchError;
../Src/freertos.c(346): warning:  #550-D: variable "pitchError"  was set but never used
  	float rollError, pitchError;
../Src/freertos.c: 4 warnings, 0 errors
linking...
Program Size: Code=22708 RO-data=776 RW-data=208 ZI-data=10144  
"EmbeddedControl-Refactored\EmbeddedControl-Refactored.axf" - 0 Error(s), 4 Warning(s).

<h2>Software Packages used:</h2>

Package Vendor: ARM
                http://www.keil.com/pack/ARM.CMSIS.5.2.0.pack
                ARM.CMSIS.5.2.0
                CMSIS (Cortex Microcontroller Software Interface Standard)
   * Component: CORE Version: 5.0.2

Package Vendor: Keil
                http://www.keil.com/pack/Keil.STM32F3xx_DFP.2.0.0.pack
                Keil.STM32F3xx_DFP.2.0.0
                STMicroelectronics STM32F3 Series Device Support and Examples

<h2>Collection of Component include folders:</h2>
  .\RTE\_EmbeddedControl-Refactored
  C:\Keil_v5\ARM\PACK\ARM\CMSIS\5.2.0\CMSIS\Include
  C:\Keil_v5\ARM\PACK\Keil\STM32F3xx_DFP\2.0.0\Drivers\CMSIS\Device\ST\STM32F3xx\Include

<h2>Collection of Component Files used:</h2>

   * Component: ARM::CMSIS:CORE:5.0.2
Build Time Elapsed:  00:00:04
</pre>
</body>
</html>
