<html>
<body>
<pre>
<h1>µVision Build Log</h1>
<h2>Tool Versions:</h2>
IDE-Version: µVision V5.24.2.0
Copyright (C) 2017 ARM Ltd and ARM Germany GmbH. All rights reserved.
License Information: fdsafdsa dsafadsfsda, sadfdasfdsa, LIC=MJW8T-RWTRB-97VR5-GN74S-JLC2M-8XC9G
 
Tool Versions:
Toolchain:       MDK-ARM Basic (256K)  Version: 5.24.1
Toolchain Path:  C:\Keil_v5\ARM\ARMCC\Bin
C Compiler:      Armcc.exe V5.06 update 5 (build 528)
Assembler:       Armasm.exe V5.06 update 5 (build 528)
Linker/Locator:  ArmLink.exe V5.06 update 5 (build 528)
Library Manager: ArmAr.exe V5.06 update 5 (build 528)
Hex Converter:   FromElf.exe V5.06 update 5 (build 528)
CPU DLL:         SARMCM3.DLL V5.24.1
Dialog DLL:      DCM.DLL V1.16.0.0
Target DLL:      STLink\ST-LINKIII-KEIL_SWO.dll V3.0.1.0
Dialog DLL:      TCM.DLL V1.32.0.0
 
<h2>Project:</h2>
D:\Google Drive\Projects\STM32\EmbeddedControlRefactored\EmbeddedControl-Refactored\MDK-ARM\EmbeddedControl-Refactored.uvprojx
Project File Date:  11/07/2017

<h2>Output:</h2>
*** Using Compiler 'V5.06 update 5 (build 528)', folder: 'C:\Keil_v5\ARM\ARMCC\Bin'
Rebuild target 'EmbeddedControl-Refactored'
assembling startup_stm32f303xc.s...
compiling timers.c...
compiling list.c...
compiling queue.c...
compiling event_groups.c...
compiling croutine.c...
compiling cmsis_os.c...
compiling tasks.c...
compiling port.c...
compiling i2c.c...
compiling dma.c...
compiling stm32f3xx_hal_msp.c...
compiling iwdg.c...
compiling tim.c...
compiling usart.c...
compiling stm32f3xx_hal_timebase_TIM.c...
compiling main.c...
compiling freertos.c...
compiling spi.c...
compiling gpio.c...
compiling u_checksum.c...
compiling u_FreeRTOSTick.c...
compiling stm32f3xx_it.c...
compiling u_PID.c...
compiling u_stabilization.c...
compiling u_global.c...
compiling stm32f3xx_hal.c...
compiling u_communication.c...
..\Src\u_communication.c(150): warning:  #223-D: function "delayUs" declared implicitly
  				delayUs(DELAY);
..\Src\u_communication.c(158): warning:  #223-D: function "delayUs" declared implicitly
  				delayUs(DELAY);
..\Src\u_communication.c(166): warning:  #223-D: function "delayUs" declared implicitly
  				delayUs(DELAY);
..\Src\u_communication.c(174): warning:  #223-D: function "delayUs" declared implicitly
  				delayUs(DELAY);
..\Src\u_communication.c: 4 warnings, 0 errors
compiling stm32f3xx_hal_tim.c...
compiling stm32f3xx_hal_gpio.c...
compiling stm32f3xx_hal_flash_ex.c...
compiling stm32f3xx_hal_spi.c...
compiling stm32f3xx_hal_pwr_ex.c...
compiling stm32f3xx_hal_tim_ex.c...
compiling stm32f3xx_hal_i2c.c...
compiling stm32f3xx_hal_dma.c...
compiling stm32f3xx_hal_cortex.c...
compiling stm32f3xx_hal_spi_ex.c...
compiling stm32f3xx_hal_uart_ex.c...
compiling stm32f3xx_hal_flash.c...
compiling stm32f3xx_hal_i2c_ex.c...
compiling stm32f3xx_hal_rcc_ex.c...
compiling stm32f3xx_hal_uart.c...
compiling stm32f3xx_hal_rcc.c...
compiling system_stm32f3xx.c...
compiling stm32f3xx_hal_pwr.c...
compiling stm32f3xx_hal_iwdg.c...
linking...
Program Size: Code=20832 RO-data=784 RW-data=180 ZI-data=10612  
"EmbeddedControl-Refactored\EmbeddedControl-Refactored.axf" - 0 Error(s), 4 Warning(s).

<h2>Software Packages used:</h2>

Package Vendor: ARM
                http://www.keil.com/pack/ARM.CMSIS.5.1.1.pack
                ARM.CMSIS.5.1.1
                CMSIS (Cortex Microcontroller Software Interface Standard)
   * Component: CORE Version: 5.0.2

Package Vendor: Keil
                http://www.keil.com/pack/Keil.STM32F3xx_DFP.1.4.0.pack
                Keil.STM32F3xx_DFP.1.4.0
                STMicroelectronics STM32F3 Series Device Support and Examples

<h2>Collection of Component include folders:</h2>
  .\RTE\_EmbeddedControl-Refactored
  C:\Keil_v5\ARM\PACK\ARM\CMSIS\5.1.1\CMSIS\Include
  C:\Keil_v5\ARM\PACK\Keil\STM32F3xx_DFP\1.4.0\Device\Include

<h2>Collection of Component Files used:</h2>

   * Component: ARM::CMSIS:CORE:5.0.2
Build Time Elapsed:  00:00:24
</pre>
</body>
</html>
