Component: ARM Compiler 5.06 update 5 (build 528) Tool: armlink [4d35e2]

==============================================================================

Section Cross References

    startup_stm32f303xc.o(RESET) refers to startup_stm32f303xc.o(STACK) for __initial_sp
    startup_stm32f303xc.o(RESET) refers to startup_stm32f303xc.o(.text) for Reset_Handler
    startup_stm32f303xc.o(RESET) refers to port.o(.emb_text) for SVC_Handler
    startup_stm32f303xc.o(RESET) refers to stm32f3xx_it.o(i.SysTick_Handler) for SysTick_Handler
    startup_stm32f303xc.o(RESET) refers to stm32f3xx_it.o(i.DMA1_Channel2_IRQHandler) for DMA1_Channel2_IRQHandler
    startup_stm32f303xc.o(RESET) refers to stm32f3xx_it.o(i.DMA1_Channel3_IRQHandler) for DMA1_Channel3_IRQHandler
    startup_stm32f303xc.o(RESET) refers to stm32f3xx_it.o(i.DMA1_Channel4_IRQHandler) for DMA1_Channel4_IRQHandler
    startup_stm32f303xc.o(RESET) refers to stm32f3xx_it.o(i.DMA1_Channel5_IRQHandler) for DMA1_Channel5_IRQHandler
    startup_stm32f303xc.o(RESET) refers to stm32f3xx_it.o(i.DMA1_Channel6_IRQHandler) for DMA1_Channel6_IRQHandler
    startup_stm32f303xc.o(RESET) refers to stm32f3xx_it.o(i.DMA1_Channel7_IRQHandler) for DMA1_Channel7_IRQHandler
    startup_stm32f303xc.o(RESET) refers to stm32f3xx_it.o(i.TIM1_UP_TIM16_IRQHandler) for TIM1_UP_TIM16_IRQHandler
    startup_stm32f303xc.o(RESET) refers to stm32f3xx_it.o(i.USART1_IRQHandler) for USART1_IRQHandler
    startup_stm32f303xc.o(RESET) refers to stm32f3xx_it.o(i.USART3_IRQHandler) for USART3_IRQHandler
    startup_stm32f303xc.o(RESET) refers to stm32f3xx_it.o(i.UART4_IRQHandler) for UART4_IRQHandler
    startup_stm32f303xc.o(RESET) refers to stm32f3xx_it.o(i.DMA2_Channel3_IRQHandler) for DMA2_Channel3_IRQHandler
    startup_stm32f303xc.o(RESET) refers to stm32f3xx_it.o(i.DMA2_Channel5_IRQHandler) for DMA2_Channel5_IRQHandler
    startup_stm32f303xc.o(.text) refers to system_stm32f3xx.o(i.SystemInit) for SystemInit
    startup_stm32f303xc.o(.text) refers to entry.o(.ARM.Collect$$$$00000000) for __main
    timers.o(i.prvCheckForValidListAndQueue) refers to port.o(i.vPortEnterCritical) for vPortEnterCritical
    timers.o(i.prvCheckForValidListAndQueue) refers to list.o(i.vListInitialise) for vListInitialise
    timers.o(i.prvCheckForValidListAndQueue) refers to queue.o(i.xQueueGenericCreateStatic) for xQueueGenericCreateStatic
    timers.o(i.prvCheckForValidListAndQueue) refers to queue.o(i.vQueueAddToRegistry) for vQueueAddToRegistry
    timers.o(i.prvCheckForValidListAndQueue) refers to port.o(i.vPortExitCritical) for vPortExitCritical
    timers.o(i.prvCheckForValidListAndQueue) refers to timers.o(.data) for .data
    timers.o(i.prvCheckForValidListAndQueue) refers to timers.o(.bss) for .bss
    timers.o(i.prvInitialiseNewTimer) refers to timers.o(i.prvCheckForValidListAndQueue) for prvCheckForValidListAndQueue
    timers.o(i.prvInitialiseNewTimer) refers to list.o(i.vListInitialiseItem) for vListInitialiseItem
    timers.o(i.prvInsertTimerInActiveList) refers to list.o(i.vListInsert) for vListInsert
    timers.o(i.prvInsertTimerInActiveList) refers to timers.o(.data) for .data
    timers.o(i.prvProcessReceivedCommands) refers to list.o(i.uxListRemove) for uxListRemove
    timers.o(i.prvProcessReceivedCommands) refers to timers.o(i.prvSampleTimeNow) for prvSampleTimeNow
    timers.o(i.prvProcessReceivedCommands) refers to timers.o(i.prvInsertTimerInActiveList) for prvInsertTimerInActiveList
    timers.o(i.prvProcessReceivedCommands) refers to timers.o(i.xTimerGenericCommand) for xTimerGenericCommand
    timers.o(i.prvProcessReceivedCommands) refers to heap_4.o(i.vPortFree) for vPortFree
    timers.o(i.prvProcessReceivedCommands) refers to queue.o(i.xQueueGenericReceive) for xQueueGenericReceive
    timers.o(i.prvProcessReceivedCommands) refers to timers.o(.data) for .data
    timers.o(i.prvProcessTimerOrBlockTask) refers to tasks.o(i.vTaskSuspendAll) for vTaskSuspendAll
    timers.o(i.prvProcessTimerOrBlockTask) refers to timers.o(i.prvSampleTimeNow) for prvSampleTimeNow
    timers.o(i.prvProcessTimerOrBlockTask) refers to tasks.o(i.xTaskResumeAll) for xTaskResumeAll
    timers.o(i.prvProcessTimerOrBlockTask) refers to queue.o(i.vQueueWaitForMessageRestricted) for vQueueWaitForMessageRestricted
    timers.o(i.prvProcessTimerOrBlockTask) refers to list.o(i.uxListRemove) for uxListRemove
    timers.o(i.prvProcessTimerOrBlockTask) refers to timers.o(i.prvInsertTimerInActiveList) for prvInsertTimerInActiveList
    timers.o(i.prvProcessTimerOrBlockTask) refers to timers.o(i.xTimerGenericCommand) for xTimerGenericCommand
    timers.o(i.prvProcessTimerOrBlockTask) refers to timers.o(.data) for .data
    timers.o(i.prvSampleTimeNow) refers to tasks.o(i.xTaskGetTickCount) for xTaskGetTickCount
    timers.o(i.prvSampleTimeNow) refers to timers.o(i.prvSwitchTimerLists) for prvSwitchTimerLists
    timers.o(i.prvSampleTimeNow) refers to timers.o(.data) for .data
[...]
    prvInitialiseNewTask                     0x080041df   Thumb Code   138  tasks.o(i.prvInitialiseNewTask)
    i.prvInitialiseNewTimer                  0x08004268   Section        0  timers.o(i.prvInitialiseNewTimer)
    prvInitialiseNewTimer                    0x08004269   Thumb Code    68  timers.o(i.prvInitialiseNewTimer)
    i.prvInsertBlockIntoFreeList             0x080042ac   Section        0  heap_4.o(i.prvInsertBlockIntoFreeList)
    prvInsertBlockIntoFreeList               0x080042ad   Thumb Code    72  heap_4.o(i.prvInsertBlockIntoFreeList)
    i.prvInsertTimerInActiveList             0x080042f8   Section        0  timers.o(i.prvInsertTimerInActiveList)
    prvInsertTimerInActiveList               0x080042f9   Thumb Code    52  timers.o(i.prvInsertTimerInActiveList)
    i.prvIsQueueEmpty                        0x08004330   Section        0  queue.o(i.prvIsQueueEmpty)
    prvIsQueueEmpty                          0x08004331   Thumb Code    28  queue.o(i.prvIsQueueEmpty)
    i.prvProcessReceivedCommands             0x0800434c   Section        0  timers.o(i.prvProcessReceivedCommands)
    prvProcessReceivedCommands               0x0800434d   Thumb Code   186  timers.o(i.prvProcessReceivedCommands)
    i.prvProcessTimerOrBlockTask             0x0800440c   Section        0  timers.o(i.prvProcessTimerOrBlockTask)
    prvProcessTimerOrBlockTask               0x0800440d   Thumb Code   172  timers.o(i.prvProcessTimerOrBlockTask)
    i.prvResetNextTaskUnblockTime            0x080044c0   Section        0  tasks.o(i.prvResetNextTaskUnblockTime)
    prvResetNextTaskUnblockTime              0x080044c1   Thumb Code    26  tasks.o(i.prvResetNextTaskUnblockTime)
    i.prvSampleTimeNow                       0x080044e0   Section        0  timers.o(i.prvSampleTimeNow)
    prvSampleTimeNow                         0x080044e1   Thumb Code    36  timers.o(i.prvSampleTimeNow)
    i.prvSwitchTimerLists                    0x08004508   Section        0  timers.o(i.prvSwitchTimerLists)
    prvSwitchTimerLists                      0x08004509   Thumb Code   102  timers.o(i.prvSwitchTimerLists)
    i.prvTaskExitError                       0x08004574   Section        0  port.o(i.prvTaskExitError)
    prvTaskExitError                         0x08004575   Thumb Code    36  port.o(i.prvTaskExitError)
    i.prvTimerTask                           0x0800459c   Section        0  timers.o(i.prvTimerTask)
    prvTimerTask                             0x0800459d   Thumb Code    32  timers.o(i.prvTimerTask)
    i.prvUnlockQueue                         0x080045c0   Section        0  queue.o(i.prvUnlockQueue)
    prvUnlockQueue                           0x080045c1   Thumb Code   106  queue.o(i.prvUnlockQueue)
    i.pvPortMalloc                           0x0800462c   Section        0  heap_4.o(i.pvPortMalloc)
    i.pxPortInitialiseStack                  0x08004704   Section        0  port.o(i.pxPortInitialiseStack)
    i.qDataSend                              0x08004730   Section        0  freertos.o(i.qDataSend)
    i.receivePackageDMA                      0x08004760   Section        0  u_communication.o(i.receivePackageDMA)
    i.stabilizePitch                         0x0800484c   Section        0  u_stabilization.o(i.stabilizePitch)
    i.stabilizeRoll                          0x080048b0   Section        0  u_stabilization.o(i.stabilizeRoll)
    i.transmitPackageDMA                     0x08004914   Section        0  u_communication.o(i.transmitPackageDMA)
    i.update                                 0x080049f8   Section        0  u_pid.o(i.update)
    i.uxListRemove                           0x08004aac   Section        0  list.o(i.uxListRemove)
    i.vApplicationGetIdleTaskMemory          0x08004ad0   Section        0  freertos.o(i.vApplicationGetIdleTaskMemory)
    i.vApplicationGetTimerTaskMemory         0x08004ae4   Section        0  freertos.o(i.vApplicationGetTimerTaskMemory)
    i.vListInitialise                        0x08004afc   Section        0  list.o(i.vListInitialise)
    i.vListInitialiseItem                    0x08004b12   Section        0  list.o(i.vListInitialiseItem)
    i.vListInsert                            0x08004b18   Section        0  list.o(i.vListInsert)
    i.vListInsertEnd                         0x08004b48   Section        0  list.o(i.vListInsertEnd)
    i.vPortEnterCritical                     0x08004b60   Section        0  port.o(i.vPortEnterCritical)
    i.vPortExitCritical                      0x08004ba0   Section        0  port.o(i.vPortExitCritical)
    i.vPortFree                              0x08004bc8   Section        0  heap_4.o(i.vPortFree)
    i.vPortSetupTimerInterrupt               0x08004c24   Section        0  port.o(i.vPortSetupTimerInterrupt)
    i.vPortValidateInterruptPriority         0x08004c44   Section        0  port.o(i.vPortValidateInterruptPriority)
    i.vQueueAddToRegistry                    0x08004c98   Section        0  queue.o(i.vQueueAddToRegistry)
    i.vQueueWaitForMessageRestricted         0x08004cc0   Section        0  queue.o(i.vQueueWaitForMessageRestricted)
    i.vTaskDelay                             0x08004d04   Section        0  tasks.o(i.vTaskDelay)
    i.vTaskDelayUntil                        0x08004d50   Section        0  tasks.o(i.vTaskDelayUntil)
    i.vTaskMissedYield                       0x08004ddc   Section        0  tasks.o(i.vTaskMissedYield)
    i.vTaskPlaceOnEventList                  0x08004de8   Section        0  tasks.o(i.vTaskPlaceOnEventList)
    i.vTaskPlaceOnEventListRestricted        0x08004e18   Section        0  tasks.o(i.vTaskPlaceOnEventListRestricted)
    i.vTaskSetTimeOutState                   0x08004e50   Section        0  tasks.o(i.vTaskSetTimeOutState)
    i.vTaskStartScheduler                    0x08004e74   Section        0  tasks.o(i.vTaskStartScheduler)
    i.vTaskSuspendAll                        0x08004efc   Section        0  tasks.o(i.vTaskSuspendAll)
    i.vTaskSwitchContext                     0x08004f0c   Section        0  tasks.o(i.vTaskSwitchContext)
    i.variableInit                           0x08004f68   Section        0  u_communication.o(i.variableInit)
    i.writeBit                               0x08005004   Section        0  u_communication.o(i.writeBit)
    i.xPortStartScheduler                    0x08005018   Section        0  port.o(i.xPortStartScheduler)
    i.xPortSysTickHandler                    0x080050f8   Section        0  port.o(i.xPortSysTickHandler)
    i.xQueueGenericCreate                    0x08005124   Section        0  queue.o(i.xQueueGenericCreate)
    i.xQueueGenericCreateStatic              0x0800516c   Section        0  queue.o(i.xQueueGenericCreateStatic)
    i.xQueueGenericReceive                   0x080051d4   Section        0  queue.o(i.xQueueGenericReceive)
    i.xQueueGenericReset                     0x08005324   Section        0  queue.o(i.xQueueGenericReset)
    i.xQueueGenericSend                      0x080053ac   Section        0  queue.o(i.xQueueGenericSend)
    i.xQueueGenericSendFromISR               0x0800550c   Section        0  queue.o(i.xQueueGenericSendFromISR)
    i.xTaskCheckForTimeOut                   0x080055c8   Section        0  tasks.o(i.xTaskCheckForTimeOut)
    i.xTaskCreate                            0x08005634   Section        0  tasks.o(i.xTaskCreate)
    i.xTaskCreateStatic                      0x0800568e   Section        0  tasks.o(i.xTaskCreateStatic)
    i.xTaskGetSchedulerState                 0x080056e0   Section        0  tasks.o(i.xTaskGetSchedulerState)
    i.xTaskGetTickCount                      0x080056fc   Section        0  tasks.o(i.xTaskGetTickCount)
    i.xTaskGetTickCountFromISR               0x08005708   Section        0  tasks.o(i.xTaskGetTickCountFromISR)
    i.xTaskIncrementTick                     0x08005718   Section        0  tasks.o(i.xTaskIncrementTick)
    i.xTaskRemoveFromEventList               0x080057e0   Section        0  tasks.o(i.xTaskRemoveFromEventList)
    i.xTaskResumeAll                         0x08005854   Section        0  tasks.o(i.xTaskResumeAll)
    i.xTimerCreate                           0x08005918   Section        0  timers.o(i.xTimerCreate)
    i.xTimerCreateStatic                     0x0800594c   Section        0  timers.o(i.xTimerCreateStatic)
    i.xTimerCreateTimerTask                  0x0800597c   Section        0  timers.o(i.xTimerCreateTimerTask)
    i.xTimerGenericCommand                   0x080059dc   Section        0  timers.o(i.xTimerGenericCommand)
    .constdata                               0x08005a3c   Section      192  freertos.o(.constdata)
    .constdata                               0x08005afc   Section       32  stm32f3xx_hal_rcc.o(.constdata)
    .constdata                               0x08005b1c   Section       16  system_stm32f3xx.o(.constdata)
    .constdata                               0x08005b2c   Section        8  system_stm32f3xx.o(.constdata)
    .conststring                             0x08005b34   Section      103  freertos.o(.conststring)
    .data                                    0x20000000   Section       20  timers.o(.data)
    xTimerQueue                              0x20000000   Data           4  timers.o(.data)
    xTimerTaskHandle                         0x20000004   Data           4  timers.o(.data)
    xLastTime                                0x20000008   Data           4  timers.o(.data)
    pxCurrentTimerList                       0x2000000c   Data           4  timers.o(.data)
    pxOverflowTimerList                      0x20000010   Data           4  timers.o(.data)
    .data                                    0x20000014   Section       60  tasks.o(.data)
    uxDeletedTasksWaitingCleanUp             0x20000018   Data           4  tasks.o(.data)
    uxCurrentNumberOfTasks                   0x2000001c   Data           4  tasks.o(.data)
    xTickCount                               0x20000020   Data           4  tasks.o(.data)
    uxTopReadyPriority                       0x20000024   Data           4  tasks.o(.data)
    xSchedulerRunning                        0x20000028   Data           4  tasks.o(.data)
    uxPendedTicks                            0x2000002c   Data           4  tasks.o(.data)
    xYieldPending                            0x20000030   Data           4  tasks.o(.data)
    xNumOfOverflows                          0x20000034   Data           4  tasks.o(.data)
    uxTaskNumber                             0x20000038   Data           4  tasks.o(.data)
    xNextTaskUnblockTime                     0x2000003c   Data           4  tasks.o(.data)
    xIdleTaskHandle                          0x20000040   Data           4  tasks.o(.data)
    uxSchedulerSuspended                     0x20000044   Data           4  tasks.o(.data)
    pxDelayedTaskList                        0x20000048   Data           4  tasks.o(.data)
    pxOverflowDelayedTaskList                0x2000004c   Data           4  tasks.o(.data)
    .data                                    0x20000050   Section       12  port.o(.data)
    ucMaxSysCallPriority                     0x20000050   Data           1  port.o(.data)
    uxCriticalNesting                        0x20000054   Data           4  port.o(.data)
    ulMaxPRIGROUPValue                       0x20000058   Data           4  port.o(.data)
    .data                                    0x2000005c   Section       24  heap_4.o(.data)
    pxEnd                                    0x2000005c   Data           4  heap_4.o(.data)
    xFreeBytesRemaining                      0x20000060   Data           4  heap_4.o(.data)
    xMinimumEverFreeBytesRemaining           0x20000064   Data           4  heap_4.o(.data)
    xBlockAllocatedBit                       0x20000068   Data           4  heap_4.o(.data)
    xStart                                   0x2000006c   Data           8  heap_4.o(.data)
    .data                                    0x20000074   Section       20  u_communication.o(.data)
    xHigherPriorityTaskWoken                 0x20000084   Data           4  u_communication.o(.data)
    .data                                    0x20000088   Section        1  u_global.o(.data)
    .data                                    0x20000089   Section        7  u_global.o(.data)
    .data                                    0x20000090   Section        7  u_global.o(.data)
    .data                                    0x20000097   Section        7  u_global.o(.data)
    .data                                    0x200000a0   Section       40  freertos.o(.data)
    .data                                    0x200000c8   Section        4  stm32f3xx_hal.o(.data)
    .data                                    0x200000cc   Section        4  system_stm32f3xx.o(.data)
    .bss                                     0x200000d0   Section      232  timers.o(.bss)
    xStaticTimerQueue                        0x200000d0   Data          72  timers.o(.bss)
    ucStaticTimerQueueStorage                0x20000118   Data         120  timers.o(.bss)
    xActiveTimerList1                        0x20000190   Data          20  timers.o(.bss)
    xActiveTimerList2                        0x200001a4   Data          20  timers.o(.bss)
    .bss                                     0x200001b8   Section       64  queue.o(.bss)
    .bss                                     0x200001f8   Section      180  tasks.o(.bss)
    pxReadyTasksLists                        0x200001f8   Data          80  tasks.o(.bss)
    xDelayedTaskList1                        0x20000248   Data          20  tasks.o(.bss)
    xDelayedTaskList2                        0x2000025c   Data          20  tasks.o(.bss)
    xPendingReadyList                        0x20000270   Data          20  tasks.o(.bss)
    xTasksWaitingTermination                 0x20000284   Data          20  tasks.o(.bss)
    xSuspendedTaskList                       0x20000298   Data          20  tasks.o(.bss)
    .bss                                     0x200002ac   Section     1024  heap_4.o(.bss)
    ucHeap                                   0x200002ac   Data        1024  heap_4.o(.bss)
    .bss                                     0x200006ac   Section      208  u_stabilization.o(.bss)
    old_value                                0x200006ac   Data          40  u_stabilization.o(.bss)
    return_value                             0x200006d4   Data          40  u_stabilization.o(.bss)
    return_value                             0x200006fc   Data          40  u_stabilization.o(.bss)
    .bss                                     0x20000780   Section      416  u_global.o(.bss)
    .bss                                     0x20000920   Section       27  u_global.o(.bss)
    .bss                                     0x2000093b   Section      151  u_global.o(.bss)
    .bss                                     0x200009d2   Section       63  u_global.o(.bss)
    .bss                                     0x20000a11   Section       75  u_global.o(.bss)
    .bss                                     0x20000a5c   Section       80  u_global.o(.bss)
    .bss                                     0x20000aac   Section       40  u_global.o(.bss)
    .bss                                     0x20000ad4   Section       76  i2c.o(.bss)
    .bss                                     0x20000b20   Section      992  usart.o(.bss)
    .bss                                     0x20000f00   Section       16  iwdg.o(.bss)
    .bss                                     0x20000f10   Section       64  tim.o(.bss)
    .bss                                     0x20000f50   Section      512  freertos.o(.bss)
    .bss                                     0x20001150   Section       92  freertos.o(.bss)
    .bss                                     0x200011ac   Section      512  freertos.o(.bss)
    .bss                                     0x200013ac   Section       92  freertos.o(.bss)
    .bss                                     0x20001408   Section      512  freertos.o(.bss)
    .bss                                     0x20001608   Section       92  freertos.o(.bss)
    .bss                                     0x20001664   Section      512  freertos.o(.bss)
    .bss                                     0x20001864   Section       92  freertos.o(.bss)
    .bss                                     0x200018c0   Section      512  freertos.o(.bss)
    .bss                                     0x20001ac0   Section       92  freertos.o(.bss)
    .bss                                     0x20001b1c   Section      512  freertos.o(.bss)
    .bss                                     0x20001d1c   Section       92  freertos.o(.bss)
    .bss                                     0x20001d78   Section     1720  freertos.o(.bss)
    xIdleTaskTCBBuffer                       0x20001d78   Data          92  freertos.o(.bss)
    xIdleStack                               0x20001dd4   Data         512  freertos.o(.bss)
    xTimerTaskTCBBuffer                      0x20001fd4   Data          92  freertos.o(.bss)
    xTimerStack                              0x20002030   Data        1024  freertos.o(.bss)
    .bss                                     0x20002430   Section       64  stm32f3xx_hal_timebase_tim.o(.bss)
    STACK                                    0x20002470   Section     1024  startup_stm32f303xc.o(STACK)

    Global Symbols

    Symbol Name                              Value     Ov Type        Size  Object(Section)

    BuildAttributes$$THM_ISAv4$E$P$D$K$B$S$7EM$VFPi3$EXTD16$VFPS$VFMA$PE$A:L22UL41UL21$X:L11$S22US41US21$IEEE1$IW$USESV6$~STKCKD$USESV7$~SHL$OTIME$ROPI$IEEEJ$EBA8$MICROLIB$REQ8$PRES8$EABIv2 0x00000000   Number         0  anon$$obj.o ABSOLUTE
    __ARM_use_no_argv                        0x00000000   Number         0  main.o ABSOLUTE
    __cpp_initialize__aeabi_                  - Undefined Weak Reference
    __cxa_finalize                            - Undefined Weak Reference
    __decompress                              - Undefined Weak Reference
    _clock_init                               - Undefined Weak Reference
    _microlib_exit                            - Undefined Weak Reference
    __Vectors_Size                           0x00000188   Number         0  startup_stm32f303xc.o ABSOLUTE
    __Vectors                                0x08000000   Data           4  startup_stm32f303xc.o(RESET)
    __Vectors_End                            0x08000188   Data           0  startup_stm32f303xc.o(RESET)
    __main                                   0x08000189   Thumb Code     0  entry.o(.ARM.Collect$$$$00000000)
    _main_stk                                0x08000189   Thumb Code     0  entry2.o(.ARM.Collect$$$$00000001)
    _main_scatterload                        0x0800018d   Thumb Code     0  entry5.o(.ARM.Collect$$$$00000004)
    __main_after_scatterload                 0x08000191   Thumb Code     0  entry5.o(.ARM.Collect$$$$00000004)
    _main_clock                              0x08000191   Thumb Code     0  entry7b.o(.ARM.Collect$$$$00000008)
    _main_cpp_init                           0x08000191   Thumb Code     0  entry8b.o(.ARM.Collect$$$$0000000A)
    _main_init                               0x08000191   Thumb Code     0  entry9a.o(.ARM.Collect$$$$0000000B)
    __rt_final_cpp                           0x08000199   Thumb Code     0  entry10a.o(.ARM.Collect$$$$0000000D)
    __rt_final_exit                          0x08000199   Thumb Code     0  entry11a.o(.ARM.Collect$$$$0000000F)
    SVC_Handler                              0x0800019d   Thumb Code    28  port.o(.emb_text)
    __asm___6_port_c_39a90d8d__prvStartFirstTask 0x080001bd   Thumb Code    28  port.o(.emb_text)
    __asm___6_port_c_39a90d8d__prvEnableVFP  0x080001dd   Thumb Code    16  port.o(.emb_text)
    PendSV_Handler                           0x080001f1   Thumb Code    92  port.o(.emb_text)
    vPortGetIPSR                             0x08000251   Thumb Code     6  port.o(.emb_text)
    Reset_Handler                            0x08000259   Thumb Code     8  startup_stm32f303xc.o(.text)
    NMI_Handler                              0x08000261   Thumb Code     2  startup_stm32f303xc.o(.text)
    HardFault_Handler                        0x08000263   Thumb Code     2  startup_stm32f303xc.o(.text)
    MemManage_Handler                        0x08000265   Thumb Code     2  startup_stm32f303xc.o(.text)
    BusFault_Handler                         0x08000267   Thumb Code     2  startup_stm32f303xc.o(.text)
    UsageFault_Handler                       0x08000269   Thumb Code     2  startup_stm32f303xc.o(.text)
    DebugMon_Handler                         0x0800026d   Thumb Code     2  startup_stm32f303xc.o(.text)
    ADC1_2_IRQHandler                        0x08000273   Thumb Code     0  startup_stm32f303xc.o(.text)
    ADC3_IRQHandler                          0x08000273   Thumb Code     0  startup_stm32f303xc.o(.text)
    ADC4_IRQHandler                          0x08000273   Thumb Code     0  startup_stm32f303xc.o(.text)
    CAN_RX1_IRQHandler                       0x08000273   Thumb Code     0  startup_stm32f303xc.o(.text)
    CAN_SCE_IRQHandler                       0x08000273   Thumb Code     0  startup_stm32f303xc.o(.text)
    COMP1_2_3_IRQHandler                     0x08000273   Thumb Code     0  startup_stm32f303xc.o(.text)
    COMP4_5_6_IRQHandler                     0x08000273   Thumb Code     0  startup_stm32f303xc.o(.text)
    COMP7_IRQHandler                         0x08000273   Thumb Code     0  startup_stm32f303xc.o(.text)
    DMA1_Channel1_IRQHandler                 0x08000273   Thumb Code     0  startup_stm32f303xc.o(.text)
    DMA2_Channel1_IRQHandler                 0x08000273   Thumb Code     0  startup_stm32f303xc.o(.text)
    DMA2_Channel2_IRQHandler                 0x08000273   Thumb Code     0  startup_stm32f303xc.o(.text)
    DMA2_Channel4_IRQHandler                 0x08000273   Thumb Code     0  startup_stm32f303xc.o(.text)
    EXTI0_IRQHandler                         0x08000273   Thumb Code     0  startup_stm32f303xc.o(.text)
    EXTI15_10_IRQHandler                     0x08000273   Thumb Code     0  startup_stm32f303xc.o(.text)
    EXTI1_IRQHandler                         0x08000273   Thumb Code     0  startup_stm32f303xc.o(.text)
    EXTI2_TSC_IRQHandler                     0x08000273   Thumb Code     0  startup_stm32f303xc.o(.text)
    EXTI3_IRQHandler                         0x08000273   Thumb Code     0  startup_stm32f303xc.o(.text)
    EXTI4_IRQHandler                         0x08000273   Thumb Code     0  startup_stm32f303xc.o(.text)
    EXTI9_5_IRQHandler                       0x08000273   Thumb Code     0  startup_stm32f303xc.o(.text)
    FLASH_IRQHandler                         0x08000273   Thumb Code     0  startup_stm32f303xc.o(.text)
    FPU_IRQHandler                           0x08000273   Thumb Code     0  startup_stm32f303xc.o(.text)
    I2C1_ER_IRQHandler                       0x08000273   Thumb Code     0  startup_stm32f303xc.o(.text)
    I2C1_EV_IRQHandler                       0x08000273   Thumb Code     0  startup_stm32f303xc.o(.text)
    I2C2_ER_IRQHandler                       0x08000273   Thumb Code     0  startup_stm32f303xc.o(.text)
    I2C2_EV_IRQHandler                       0x08000273   Thumb Code     0  startup_stm32f303xc.o(.text)
    PVD_IRQHandler                           0x08000273   Thumb Code     0  startup_stm32f303xc.o(.text)
    RCC_IRQHandler                           0x08000273   Thumb Code     0  startup_stm32f303xc.o(.text)
    RTC_Alarm_IRQHandler                     0x08000273   Thumb Code     0  startup_stm32f303xc.o(.text)
    RTC_WKUP_IRQHandler                      0x08000273   Thumb Code     0  startup_stm32f303xc.o(.text)
    SPI1_IRQHandler                          0x08000273   Thumb Code     0  startup_stm32f303xc.o(.text)
    SPI2_IRQHandler                          0x08000273   Thumb Code     0  startup_stm32f303xc.o(.text)
    SPI3_IRQHandler                          0x08000273   Thumb Code     0  startup_stm32f303xc.o(.text)
    TAMP_STAMP_IRQHandler                    0x08000273   Thumb Code     0  startup_stm32f303xc.o(.text)
    TIM1_BRK_TIM15_IRQHandler                0x08000273   Thumb Code     0  startup_stm32f303xc.o(.text)
    TIM1_CC_IRQHandler                       0x08000273   Thumb Code     0  startup_stm32f303xc.o(.text)
    TIM1_TRG_COM_TIM17_IRQHandler            0x08000273   Thumb Code     0  startup_stm32f303xc.o(.text)
    TIM2_IRQHandler                          0x08000273   Thumb Code     0  startup_stm32f303xc.o(.text)
    TIM3_IRQHandler                          0x08000273   Thumb Code     0  startup_stm32f303xc.o(.text)
    TIM4_IRQHandler                          0x08000273   Thumb Code     0  startup_stm32f303xc.o(.text)
    TIM6_DAC_IRQHandler                      0x08000273   Thumb Code     0  startup_stm32f303xc.o(.text)
    TIM7_IRQHandler                          0x08000273   Thumb Code     0  startup_stm32f303xc.o(.text)
    TIM8_BRK_IRQHandler                      0x08000273   Thumb Code     0  startup_stm32f303xc.o(.text)
    TIM8_CC_IRQHandler                       0x08000273   Thumb Code     0  startup_stm32f303xc.o(.text)
    TIM8_TRG_COM_IRQHandler                  0x08000273   Thumb Code     0  startup_stm32f303xc.o(.text)
    TIM8_UP_IRQHandler                       0x08000273   Thumb Code     0  startup_stm32f303xc.o(.text)
    UART5_IRQHandler                         0x08000273   Thumb Code     0  startup_stm32f303xc.o(.text)
    USART2_IRQHandler                        0x08000273   Thumb Code     0  startup_stm32f303xc.o(.text)
    USBWakeUp_IRQHandler                     0x08000273   Thumb Code     0  startup_stm32f303xc.o(.text)
    USBWakeUp_RMP_IRQHandler                 0x08000273   Thumb Code     0  startup_stm32f303xc.o(.text)
    USB_HP_CAN_TX_IRQHandler                 0x08000273   Thumb Code     0  startup_stm32f303xc.o(.text)
    USB_HP_IRQHandler                        0x08000273   Thumb Code     0  startup_stm32f303xc.o(.text)
    USB_LP_CAN_RX0_IRQHandler                0x08000273   Thumb Code     0  startup_stm32f303xc.o(.text)
    USB_LP_IRQHandler                        0x08000273   Thumb Code     0  startup_stm32f303xc.o(.text)
    WWDG_IRQHandler                          0x08000273   Thumb Code     0  startup_stm32f303xc.o(.text)
    __aeabi_llsr                             0x0800027d   Thumb Code    32  llushr.o(.text)
    _ll_ushift_r                             0x0800027d   Thumb Code     0  llushr.o(.text)
    __aeabi_memcpy                           0x0800029d   Thumb Code    36  memcpya.o(.text)
    __aeabi_memcpy4                          0x0800029d   Thumb Code     0  memcpya.o(.text)
    __aeabi_memcpy8                          0x0800029d   Thumb Code     0  memcpya.o(.text)
    __aeabi_dmul                             0x080002c1   Thumb Code   228  dmul.o(.text)
    __aeabi_i2d                              0x080003a5   Thumb Code    34  dflti.o(.text)
    __aeabi_d2iz                             0x080003c7   Thumb Code    62  dfixi.o(.text)
    __aeabi_f2d                              0x08000405   Thumb Code    38  f2d.o(.text)
    __aeabi_llsl                             0x0800042b   Thumb Code    30  llshl.o(.text)
    _ll_shift_l                              0x0800042b   Thumb Code     0  llshl.o(.text)
    __I$use$fp                               0x08000449   Thumb Code     0  iusefp.o(.text)
    _double_round                            0x08000449   Thumb Code    30  depilogue.o(.text)
    _double_epilogue                         0x08000467   Thumb Code   156  depilogue.o(.text)
    __scatterload                            0x08000505   Thumb Code    28  init.o(.text)
    __scatterload_rt2                        0x08000505   Thumb Code     0  init.o(.text)
    AddChecksumm16b                          0x08000529   Thumb Code    56  u_checksum.o(i.AddChecksumm16b)
    AddChecksumm8b                           0x08000561   Thumb Code    28  u_checksum.o(i.AddChecksumm8b)
    CompChecksum                             0x0800057d   Thumb Code    30  u_communication.o(i.CompChecksum)
    DMA1_Channel2_IRQHandler                 0x0800059d   Thumb Code     6  stm32f3xx_it.o(i.DMA1_Channel2_IRQHandler)
    DMA1_Channel3_IRQHandler                 0x080005a9   Thumb Code     6  stm32f3xx_it.o(i.DMA1_Channel3_IRQHandler)
    DMA1_Channel4_IRQHandler                 0x080005b5   Thumb Code     6  stm32f3xx_it.o(i.DMA1_Channel4_IRQHandler)
    DMA1_Channel5_IRQHandler                 0x080005c1   Thumb Code     6  stm32f3xx_it.o(i.DMA1_Channel5_IRQHandler)
    DMA1_Channel6_IRQHandler                 0x080005cd   Thumb Code     6  stm32f3xx_it.o(i.DMA1_Channel6_IRQHandler)
    DMA1_Channel7_IRQHandler                 0x080005d9   Thumb Code     6  stm32f3xx_it.o(i.DMA1_Channel7_IRQHandler)
    DMA2_Channel3_IRQHandler                 0x080005e5   Thumb Code     6  stm32f3xx_it.o(i.DMA2_Channel3_IRQHandler)
    DMA2_Channel5_IRQHandler                 0x080005f1   Thumb Code     6  stm32f3xx_it.o(i.DMA2_Channel5_IRQHandler)
    DevRequestUpdate                         0x08000663   Thumb Code   114  u_communication.o(i.DevRequestUpdate)
    DevResponseUpdate                        0x080006d5   Thumb Code   110  u_communication.o(i.DevResponseUpdate)
    FloatFromUint8                           0x08000743   Thumb Code    24  u_communication.o(i.FloatFromUint8)
    HAL_DMA_Abort_IT                         0x0800075b   Thumb Code    74  stm32f3xx_hal_dma.o(i.HAL_DMA_Abort_IT)
    HAL_DMA_IRQHandler                       0x080007a5   Thumb Code   168  stm32f3xx_hal_dma.o(i.HAL_DMA_IRQHandler)
    HAL_DMA_Init                             0x0800084d   Thumb Code    86  stm32f3xx_hal_dma.o(i.HAL_DMA_Init)
    HAL_DMA_Start_IT                         0x080008a3   Thumb Code   112  stm32f3xx_hal_dma.o(i.HAL_DMA_Start_IT)
    HAL_GPIO_Init                            0x08000915   Thumb Code   364  stm32f3xx_hal_gpio.o(i.HAL_GPIO_Init)
    HAL_GPIO_TogglePin                       0x08000a9d   Thumb Code     8  stm32f3xx_hal_gpio.o(i.HAL_GPIO_TogglePin)
    HAL_GPIO_WritePin                        0x08000aa5   Thumb Code    10  stm32f3xx_hal_gpio.o(i.HAL_GPIO_WritePin)
    HAL_GetTick                              0x08000ab1   Thumb Code     6  stm32f3xx_hal.o(i.HAL_GetTick)
    HAL_HalfDuplex_EnableReceiver            0x08000abd   Thumb Code    58  stm32f3xx_hal_uart.o(i.HAL_HalfDuplex_EnableReceiver)
    HAL_HalfDuplex_EnableTransmitter         0x08000af7   Thumb Code    58  stm32f3xx_hal_uart.o(i.HAL_HalfDuplex_EnableTransmitter)
    HAL_I2CEx_ConfigAnalogFilter             0x08000b31   Thumb Code    86  stm32f3xx_hal_i2c_ex.o(i.HAL_I2CEx_ConfigAnalogFilter)
    HAL_I2CEx_ConfigDigitalFilter            0x08000b87   Thumb Code    82  stm32f3xx_hal_i2c_ex.o(i.HAL_I2CEx_ConfigDigitalFilter)
    HAL_I2C_Init                             0x08000bd9   Thumb Code   178  stm32f3xx_hal_i2c.o(i.HAL_I2C_Init)
    HAL_I2C_MspInit                          0x08000c91   Thumb Code    62  i2c.o(i.HAL_I2C_MspInit)
    HAL_IWDG_Init                            0x08000cdd   Thumb Code    94  stm32f3xx_hal_iwdg.o(i.HAL_IWDG_Init)
    HAL_IncTick                              0x08000d3d   Thumb Code    10  stm32f3xx_hal.o(i.HAL_IncTick)
    HAL_Init                                 0x08000d4d   Thumb Code    32  stm32f3xx_hal.o(i.HAL_Init)
    HAL_InitTick                             0x08000d71   Thumb Code    98  stm32f3xx_hal_timebase_tim.o(i.HAL_InitTick)
    HAL_MspInit                              0x08000de5   Thumb Code   106  stm32f3xx_hal_msp.o(i.HAL_MspInit)
    HAL_NVIC_EnableIRQ                       0x08000e55   Thumb Code    22  stm32f3xx_hal_cortex.o(i.HAL_NVIC_EnableIRQ)
    HAL_NVIC_SetPriority                     0x08000e6d   Thumb Code    60  stm32f3xx_hal_cortex.o(i.HAL_NVIC_SetPriority)
    HAL_NVIC_SetPriorityGrouping             0x08000ead   Thumb Code    26  stm32f3xx_hal_cortex.o(i.HAL_NVIC_SetPriorityGrouping)
    HAL_RCCEx_PeriphCLKConfig                0x08000ed1   Thumb Code   522  stm32f3xx_hal_rcc_ex.o(i.HAL_RCCEx_PeriphCLKConfig)
    HAL_RCC_ClockConfig                      0x080010e9   Thumb Code   374  stm32f3xx_hal_rcc.o(i.HAL_RCC_ClockConfig)
    HAL_RCC_GetClockConfig                   0x08001271   Thumb Code    54  stm32f3xx_hal_rcc.o(i.HAL_RCC_GetClockConfig)
    HAL_RCC_GetHCLKFreq                      0x080012b1   Thumb Code     6  stm32f3xx_hal_rcc.o(i.HAL_RCC_GetHCLKFreq)
    HAL_RCC_GetPCLK1Freq                     0x080012bd   Thumb Code    34  stm32f3xx_hal_rcc.o(i.HAL_RCC_GetPCLK1Freq)
    HAL_RCC_GetPCLK2Freq                     0x080012ed   Thumb Code    34  stm32f3xx_hal_rcc.o(i.HAL_RCC_GetPCLK2Freq)
    HAL_RCC_GetSysClockFreq                  0x0800131d   Thumb Code    84  stm32f3xx_hal_rcc.o(i.HAL_RCC_GetSysClockFreq)
    HAL_RCC_OscConfig                        0x08001381   Thumb Code  1452  stm32f3xx_hal_rcc.o(i.HAL_RCC_OscConfig)
    HAL_RS485Ex_Init                         0x0800192d   Thumb Code   136  stm32f3xx_hal_uart_ex.o(i.HAL_RS485Ex_Init)
    HAL_SYSTICK_CLKSourceConfig              0x080019b9   Thumb Code    24  stm32f3xx_hal_cortex.o(i.HAL_SYSTICK_CLKSourceConfig)
    HAL_SYSTICK_Config                       0x080019d1   Thumb Code    40  stm32f3xx_hal_cortex.o(i.HAL_SYSTICK_Config)
    HAL_TIMEx_Break2Callback                 0x080019f9   Thumb Code     2  stm32f3xx_hal_tim_ex.o(i.HAL_TIMEx_Break2Callback)
    HAL_TIMEx_BreakCallback                  0x080019fb   Thumb Code     2  stm32f3xx_hal_tim_ex.o(i.HAL_TIMEx_BreakCallback)
    HAL_TIMEx_CommutationCallback            0x080019fd   Thumb Code     2  stm32f3xx_hal_tim_ex.o(i.HAL_TIMEx_CommutationCallback)
    HAL_TIMEx_MasterConfigSynchronization    0x08001a01   Thumb Code    78  stm32f3xx_hal_tim_ex.o(i.HAL_TIMEx_MasterConfigSynchronization)
    HAL_TIM_Base_Init                        0x08001a59   Thumb Code    54  stm32f3xx_hal_tim.o(i.HAL_TIM_Base_Init)
    HAL_TIM_Base_MspInit                     0x08001a91   Thumb Code    30  tim.o(i.HAL_TIM_Base_MspInit)
    HAL_TIM_Base_Start_IT                    0x08001ab9   Thumb Code    24  stm32f3xx_hal_tim.o(i.HAL_TIM_Base_Start_IT)
    HAL_TIM_IC_CaptureCallback               0x08001ad1   Thumb Code     2  stm32f3xx_hal_tim.o(i.HAL_TIM_IC_CaptureCallback)
    HAL_TIM_IRQHandler                       0x08001ad3   Thumb Code   388  stm32f3xx_hal_tim.o(i.HAL_TIM_IRQHandler)
    HAL_TIM_OC_DelayElapsedCallback          0x08001c57   Thumb Code     2  stm32f3xx_hal_tim.o(i.HAL_TIM_OC_DelayElapsedCallback)
    HAL_TIM_PWM_PulseFinishedCallback        0x08001c59   Thumb Code     2  stm32f3xx_hal_tim.o(i.HAL_TIM_PWM_PulseFinishedCallback)
    HAL_TIM_PeriodElapsedCallback            0x08001c5d   Thumb Code    14  main.o(i.HAL_TIM_PeriodElapsedCallback)
    HAL_TIM_TriggerCallback                  0x08001c71   Thumb Code     2  stm32f3xx_hal_tim.o(i.HAL_TIM_TriggerCallback)
    HAL_UARTEx_WakeupCallback                0x08001c73   Thumb Code     2  stm32f3xx_hal_uart_ex.o(i.HAL_UARTEx_WakeupCallback)
    HAL_UART_ErrorCallback                   0x08001c75   Thumb Code     2  stm32f3xx_hal_uart.o(i.HAL_UART_ErrorCallback)
    HAL_UART_IRQHandler                      0x08001c79   Thumb Code   316  stm32f3xx_hal_uart.o(i.HAL_UART_IRQHandler)
    HAL_UART_Init                            0x08001db9   Thumb Code   106  stm32f3xx_hal_uart.o(i.HAL_UART_Init)
    HAL_UART_MspInit                         0x08001e25   Thumb Code   752  usart.o(i.HAL_UART_MspInit)
    HAL_UART_Receive_DMA                     0x08002155   Thumb Code   132  stm32f3xx_hal_uart.o(i.HAL_UART_Receive_DMA)
    HAL_UART_Receive_IT                      0x080021e5   Thumb Code   122  stm32f3xx_hal_uart.o(i.HAL_UART_Receive_IT)
    HAL_UART_RxCpltCallback                  0x08002261   Thumb Code    44  u_communication.o(i.HAL_UART_RxCpltCallback)
    HAL_UART_RxHalfCpltCallback              0x080022a1   Thumb Code     2  stm32f3xx_hal_uart.o(i.HAL_UART_RxHalfCpltCallback)
    HAL_UART_Transmit_DMA                    0x080022a5   Thumb Code   122  stm32f3xx_hal_uart.o(i.HAL_UART_Transmit_DMA)
    HAL_UART_TxCpltCallback                  0x0800232d   Thumb Code    44  u_communication.o(i.HAL_UART_TxCpltCallback)
    HAL_UART_TxHalfCpltCallback              0x0800236d   Thumb Code     2  stm32f3xx_hal_uart.o(i.HAL_UART_TxHalfCpltCallback)
    IMUReceive                               0x08002371   Thumb Code   330  u_communication.o(i.IMUReceive)
    IsChecksumm16bCorrect                    0x080024cd   Thumb Code    72  u_checksum.o(i.IsChecksumm16bCorrect)
    IsChecksumm8bCorrect                     0x08002515   Thumb Code    38  u_checksum.o(i.IsChecksumm8bCorrect)
    MX_DMA_Init                              0x0800253d   Thumb Code   168  dma.o(i.MX_DMA_Init)
    MX_FREERTOS_Init                         0x080025e9   Thumb Code   224  freertos.o(i.MX_FREERTOS_Init)
    MX_GPIO_Init                             0x080026e5   Thumb Code   158  gpio.o(i.MX_GPIO_Init)
    MX_I2C1_Init                             0x0800278d   Thumb Code    88  i2c.o(i.MX_I2C1_Init)
    MX_IWDG_Init                             0x08002801   Thumb Code    42  iwdg.o(i.MX_IWDG_Init)
    MX_TIM7_Init                             0x08002845   Thumb Code    58  tim.o(i.MX_TIM7_Init)
    MX_UART4_Init                            0x08002899   Thumb Code    56  usart.o(i.MX_UART4_Init)
    MX_USART1_UART_Init                      0x080028e9   Thumb Code    60  usart.o(i.MX_USART1_UART_Init)
    MX_USART2_UART_Init                      0x0800293d   Thumb Code    60  usart.o(i.MX_USART2_UART_Init)
    MX_USART3_UART_Init                      0x08002991   Thumb Code    60  usart.o(i.MX_USART3_UART_Init)
    ShoreConfigRequest                       0x08002a05   Thumb Code   702  u_communication.o(i.ShoreConfigRequest)
    ShoreReceive                             0x08002cc5   Thumb Code   134  u_communication.o(i.ShoreReceive)
    ShoreRequest                             0x08002d65   Thumb Code   526  u_communication.o(i.ShoreRequest)
    ShoreResponse                            0x08002f79   Thumb Code   340  u_communication.o(i.ShoreResponse)
    SysTick_Handler                          0x080030cd   Thumb Code     4  stm32f3xx_it.o(i.SysTick_Handler)
    SystemClock_Config                       0x080030d1   Thumb Code   142  main.o(i.SystemClock_Config)
    SystemInit                               0x08003161   Thumb Code    82  system_stm32f3xx.o(i.SystemInit)
    TIM1_UP_TIM16_IRQHandler                 0x080031c9   Thumb Code     6  stm32f3xx_it.o(i.TIM1_UP_TIM16_IRQHandler)
    TIM_Base_SetConfig                       0x080031d5   Thumb Code   146  stm32f3xx_hal_tim.o(i.TIM_Base_SetConfig)
    UART4_IRQHandler                         0x08003285   Thumb Code     6  stm32f3xx_it.o(i.UART4_IRQHandler)
    UART_AdvFeatureConfig                    0x08003291   Thumb Code   200  stm32f3xx_hal_uart.o(i.UART_AdvFeatureConfig)
    UART_CheckIdleState                      0x08003359   Thumb Code    92  stm32f3xx_hal_uart.o(i.UART_CheckIdleState)
    UART_EndTransmit_IT                      0x080034b1   Thumb Code    26  stm32f3xx_hal_uart.o(i.UART_EndTransmit_IT)
    UART_Receive_IT                          0x080034dd   Thumb Code   118  stm32f3xx_hal_uart.o(i.UART_Receive_IT)
    UART_SetConfig                           0x08003555   Thumb Code   434  stm32f3xx_hal_uart.o(i.UART_SetConfig)
    UART_Transmit_IT                         0x08003729   Thumb Code   100  stm32f3xx_hal_uart.o(i.UART_Transmit_IT)
    UART_WaitOnFlagUntilTimeout              0x0800378d   Thumb Code   100  stm32f3xx_hal_uart.o(i.UART_WaitOnFlagUntilTimeout)
    USART1_IRQHandler                        0x080037f1   Thumb Code     6  stm32f3xx_it.o(i.USART1_IRQHandler)
    USART3_IRQHandler                        0x080037fd   Thumb Code     6  stm32f3xx_it.o(i.USART3_IRQHandler)
    VMARequestUpdate                         0x08003809   Thumb Code   132  u_communication.o(i.VMARequestUpdate)
    VMAResponseUpdate                        0x0800388d   Thumb Code   234  u_communication.o(i.VMAResponseUpdate)
    _Error_Handler                           0x08003977   Thumb Code     2  main.o(i._Error_Handler)
    __scatterload_copy                       0x08003979   Thumb Code    14  handlers.o(i.__scatterload_copy)
    __scatterload_null                       0x08003987   Thumb Code     2  handlers.o(i.__scatterload_null)
    __scatterload_zeroinit                   0x08003989   Thumb Code    14  handlers.o(i.__scatterload_zeroinit)
    fromTickToMs                             0x08003999   Thumb Code    22  u_freertostick.o(i.fromTickToMs)
    func_tDataPackTask                       0x080039b5   Thumb Code   138  freertos.o(i.func_tDataPackTask)
    func_tDevCommTask                        0x08003a59   Thumb Code    92  freertos.o(i.func_tDevCommTask)
    func_tImuCommTask                        0x08003ac5   Thumb Code    64  freertos.o(i.func_tImuCommTask)
    func_tLedBlinkingTask                    0x08003b11   Thumb Code   240  freertos.o(i.func_tLedBlinkingTask)
    func_tStabilizationTask                  0x08003c05   Thumb Code    46  freertos.o(i.func_tStabilizationTask)
    func_tUartTimer                          0x08003c39   Thumb Code   144  freertos.o(i.func_tUartTimer)
    func_tVmaCommTask                        0x08003cf1   Thumb Code    92  freertos.o(i.func_tVmaCommTask)
    main                                     0x08003d69   Thumb Code    54  main.o(i.main)
    osDelay                                  0x08003dab   Thumb Code    14  cmsis_os.o(i.osDelay)
    osDelayUntil                             0x08003db9   Thumb Code    14  cmsis_os.o(i.osDelayUntil)
    osKernelStart                            0x08003dc7   Thumb Code    10  cmsis_os.o(i.osKernelStart)
    osKernelSysTick                          0x08003dd1   Thumb Code    24  cmsis_os.o(i.osKernelSysTick)
    osMessageCreate                          0x08003de9   Thumb Code    38  cmsis_os.o(i.osMessageCreate)
    osSystickHandler                         0x08003e0f   Thumb Code    20  cmsis_os.o(i.osSystickHandler)
    osThreadCreate                           0x08003e23   Thumb Code    84  cmsis_os.o(i.osThreadCreate)
    osTimerCreate                            0x08003e79   Thumb Code    60  cmsis_os.o(i.osTimerCreate)
    pvPortMalloc                             0x0800462d   Thumb Code   210  heap_4.o(i.pvPortMalloc)
    pxPortInitialiseStack                    0x08004705   Thumb Code    40  port.o(i.pxPortInitialiseStack)
    qDataSend                                0x08004731   Thumb Code    44  freertos.o(i.qDataSend)
    receivePackageDMA                        0x08004761   Thumb Code   214  u_communication.o(i.receivePackageDMA)
    stabilizePitch                           0x0800484d   Thumb Code    96  u_stabilization.o(i.stabilizePitch)
    stabilizeRoll                            0x080048b1   Thumb Code    94  u_stabilization.o(i.stabilizeRoll)
    transmitPackageDMA                       0x08004915   Thumb Code   208  u_communication.o(i.transmitPackageDMA)
    update                                   0x080049f9   Thumb Code   170  u_pid.o(i.update)
    uxListRemove                             0x08004aad   Thumb Code    36  list.o(i.uxListRemove)
    vApplicationGetIdleTaskMemory            0x08004ad1   Thumb Code    16  freertos.o(i.vApplicationGetIdleTaskMemory)
    vApplicationGetTimerTaskMemory           0x08004ae5   Thumb Code    18  freertos.o(i.vApplicationGetTimerTaskMemory)
    vListInitialise                          0x08004afd   Thumb Code    22  list.o(i.vListInitialise)
    vListInitialiseItem                      0x08004b13   Thumb Code     6  list.o(i.vListInitialiseItem)
    vListInsert                              0x08004b19   Thumb Code    48  list.o(i.vListInsert)
    vListInsertEnd                           0x08004b49   Thumb Code    24  list.o(i.vListInsertEnd)
    vPortEnterCritical                       0x08004b61   Thumb Code    54  port.o(i.vPortEnterCritical)
    vPortExitCritical                        0x08004ba1   Thumb Code    34  port.o(i.vPortExitCritical)
    vPortFree                                0x08004bc9   Thumb Code    88  heap_4.o(i.vPortFree)
    vPortSetupTimerInterrupt                 0x08004c25   Thumb Code    26  port.o(i.vPortSetupTimerInterrupt)
    vPortValidateInterruptPriority           0x08004c45   Thumb Code    74  port.o(i.vPortValidateInterruptPriority)
    vQueueAddToRegistry                      0x08004c99   Thumb Code    34  queue.o(i.vQueueAddToRegistry)
    vQueueWaitForMessageRestricted           0x08004cc1   Thumb Code    68  queue.o(i.vQueueWaitForMessageRestricted)
    vTaskDelay                               0x08004d05   Thumb Code    66  tasks.o(i.vTaskDelay)
    vTaskDelayUntil                          0x08004d51   Thumb Code   132  tasks.o(i.vTaskDelayUntil)
    vTaskMissedYield                         0x08004ddd   Thumb Code     8  tasks.o(i.vTaskMissedYield)
    vTaskPlaceOnEventList                    0x08004de9   Thumb Code    44  tasks.o(i.vTaskPlaceOnEventList)
    vTaskPlaceOnEventListRestricted          0x08004e19   Thumb Code    52  tasks.o(i.vTaskPlaceOnEventListRestricted)
    vTaskSetTimeOutState                     0x08004e51   Thumb Code    30  tasks.o(i.vTaskSetTimeOutState)
    vTaskStartScheduler                      0x08004e75   Thumb Code   118  tasks.o(i.vTaskStartScheduler)
    vTaskSuspendAll                          0x08004efd   Thumb Code    10  tasks.o(i.vTaskSuspendAll)
    vTaskSwitchContext                       0x08004f0d   Thumb Code    82  tasks.o(i.vTaskSwitchContext)
    variableInit                             0x08004f69   Thumb Code   142  u_communication.o(i.variableInit)
    writeBit                                 0x08005005   Thumb Code    18  u_communication.o(i.writeBit)
    xPortStartScheduler                      0x08005019   Thumb Code   202  port.o(i.xPortStartScheduler)
    xPortSysTickHandler                      0x080050f9   Thumb Code    38  port.o(i.xPortSysTickHandler)
    xQueueGenericCreate                      0x08005125   Thumb Code    72  queue.o(i.xQueueGenericCreate)
    xQueueGenericCreateStatic                0x0800516d   Thumb Code   102  queue.o(i.xQueueGenericCreateStatic)
    xQueueGenericReceive                     0x080051d5   Thumb Code   332  queue.o(i.xQueueGenericReceive)
    xQueueGenericReset                       0x08005325   Thumb Code   132  queue.o(i.xQueueGenericReset)
    xQueueGenericSend                        0x080053ad   Thumb Code   346  queue.o(i.xQueueGenericSend)
    xQueueGenericSendFromISR                 0x0800550d   Thumb Code   188  queue.o(i.xQueueGenericSendFromISR)
    xTaskCheckForTimeOut                     0x080055c9   Thumb Code   102  tasks.o(i.xTaskCheckForTimeOut)
    xTaskCreate                              0x08005635   Thumb Code    90  tasks.o(i.xTaskCreate)
    xTaskCreateStatic                        0x0800568f   Thumb Code    82  tasks.o(i.xTaskCreateStatic)
    xTaskGetSchedulerState                   0x080056e1   Thumb Code    22  tasks.o(i.xTaskGetSchedulerState)
    xTaskGetTickCount                        0x080056fd   Thumb Code     6  tasks.o(i.xTaskGetTickCount)
    xTaskGetTickCountFromISR                 0x08005709   Thumb Code    12  tasks.o(i.xTaskGetTickCountFromISR)
    xTaskIncrementTick                       0x08005719   Thumb Code   192  tasks.o(i.xTaskIncrementTick)
    xTaskRemoveFromEventList                 0x080057e1   Thumb Code   108  tasks.o(i.xTaskRemoveFromEventList)
    xTaskResumeAll                           0x08005855   Thumb Code   182  tasks.o(i.xTaskResumeAll)
    xTimerCreate                             0x08005919   Thumb Code    52  timers.o(i.xTimerCreate)
    xTimerCreateStatic                       0x0800594d   Thumb Code    46  timers.o(i.xTimerCreateStatic)
    xTimerCreateTimerTask                    0x0800597d   Thumb Code    78  timers.o(i.xTimerCreateTimerTask)
    xTimerGenericCommand                     0x080059dd   Thumb Code    92  timers.o(i.xTimerGenericCommand)
    aPLLMULFactorTable                       0x08005afc   Data          16  stm32f3xx_hal_rcc.o(.constdata)
    aPredivFactorTable                       0x08005b0c   Data          16  stm32f3xx_hal_rcc.o(.constdata)
    AHBPrescTable                            0x08005b1c   Data          16  system_stm32f3xx.o(.constdata)
    APBPrescTable                            0x08005b2c   Data           8  system_stm32f3xx.o(.constdata)
    Region$$Table$$Base                      0x08005b9c   Number         0  anon$$obj.o(Region$$Table)
    Region$$Table$$Limit                     0x08005bbc   Number         0  anon$$obj.o(Region$$Table)
    pxCurrentTCB                             0x20000014   Data           4  tasks.o(.data)
    RxBuffer                                 0x20000074   Data           1  u_communication.o(.data)
    uart1PackageTransmit                     0x20000075   Data           1  u_communication.o(.data)
    uart2PackageTransmit                     0x20000076   Data           1  u_communication.o(.data)
    uart3PackageTransmit                     0x20000077   Data           1  u_communication.o(.data)
    uart4PackageTransmit                     0x20000078   Data           1  u_communication.o(.data)
    uart1PackageReceived                     0x20000079   Data           1  u_communication.o(.data)
    uart2PackageReceived                     0x2000007a   Data           1  u_communication.o(.data)
    uart3PackageReceived                     0x2000007b   Data           1  u_communication.o(.data)
    uart4PackageReceived                     0x2000007c   Data           1  u_communication.o(.data)
    numberRx                                 0x2000007e   Data           2  u_communication.o(.data)
    counterRx                                0x20000080   Data           2  u_communication.o(.data)
    shorePackageError                        0x20000088   Data           1  u_global.o(.data)
    IMURequestBuf                            0x20000089   Data           7  u_global.o(.data)
    VMARequestBuf                            0x20000090   Data           7  u_global.o(.data)
    DevRequestBuf                            0x20000097   Data           7  u_global.o(.data)
    shoreCommunicationUpdated                0x200000a0   Data           1  freertos.o(.data)
    taskCalls                                0x200000a2   Data           2  freertos.o(.data)
    tLedBlinkingTaskHandle                   0x200000a4   Data           4  freertos.o(.data)
    tVmaCommTaskHandle                       0x200000a8   Data           4  freertos.o(.data)
    tImuCommTaskHandle                       0x200000ac   Data           4  freertos.o(.data)
    tStabilizationTaskHandle                 0x200000b0   Data           4  freertos.o(.data)
    tDevCommTaskHandle                       0x200000b4   Data           4  freertos.o(.data)
    tDataPackTaskHandle                      0x200000b8   Data           4  freertos.o(.data)
    qDataPackQueueHandle                     0x200000bc   Data           4  freertos.o(.data)
    tUartTimerHandle                         0x200000c0   Data           4  freertos.o(.data)
    UARTTimer                                0x200000c4   Data           4  freertos.o(.data)
    uwTick                                   0x200000c8   Data           4  stm32f3xx_hal.o(.data)
    SystemCoreClock                          0x200000cc   Data           4  system_stm32f3xx.o(.data)
    xQueueRegistry                           0x200001b8   Data          64  queue.o(.bss)
    rollPID                                  0x20000724   Data          44  u_stabilization.o(.bss)
    pitchPID                                 0x20000750   Data          44  u_stabilization.o(.bss)
    Q100                                     0x20000780   Data         416  u_global.o(.bss)
    ShoreRequestBuf                          0x20000920   Data          27  u_global.o(.bss)
    ShoreRequestConfigBuf                    0x2000093b   Data         151  u_global.o(.bss)
    ShoreResponseBuf                         0x200009d2   Data          63  u_global.o(.bss)
    IMUResponseBuf                           0x20000a11   Data          75  u_global.o(.bss)
    VMAResponseBuf                           0x20000a5c   Data          80  u_global.o(.bss)
    DevResponseBuf                           0x20000aac   Data          40  u_global.o(.bss)
    hi2c1                                    0x20000ad4   Data          76  i2c.o(.bss)
    huart4                                   0x20000b20   Data         112  usart.o(.bss)
    huart1                                   0x20000b90   Data         112  usart.o(.bss)
    huart2                                   0x20000c00   Data         112  usart.o(.bss)
    huart3                                   0x20000c70   Data         112  usart.o(.bss)
    hdma_uart4_rx                            0x20000ce0   Data          68  usart.o(.bss)
    hdma_uart4_tx                            0x20000d24   Data          68  usart.o(.bss)
    hdma_usart1_rx                           0x20000d68   Data          68  usart.o(.bss)
    hdma_usart1_tx                           0x20000dac   Data          68  usart.o(.bss)
    hdma_usart2_rx                           0x20000df0   Data          68  usart.o(.bss)
    hdma_usart2_tx                           0x20000e34   Data          68  usart.o(.bss)
    hdma_usart3_rx                           0x20000e78   Data          68  usart.o(.bss)
    hdma_usart3_tx                           0x20000ebc   Data          68  usart.o(.bss)
    hiwdg                                    0x20000f00   Data          16  iwdg.o(.bss)
    htim7                                    0x20000f10   Data          64  tim.o(.bss)
    tLedBlinkingTaskBuffer                   0x20000f50   Data         512  freertos.o(.bss)
    tLedBlinkingTaskControlBlock             0x20001150   Data          92  freertos.o(.bss)
    tVmaCommTaskBuffer                       0x200011ac   Data         512  freertos.o(.bss)
    tVmaCommTaskControlBlock                 0x200013ac   Data          92  freertos.o(.bss)
    tImuCommTaskBuffer                       0x20001408   Data         512  freertos.o(.bss)
    tImuCommTaskControlBlock                 0x20001608   Data          92  freertos.o(.bss)
    tStabilizationTaskBuffer                 0x20001664   Data         512  freertos.o(.bss)
    tStabilizationTaskControlBlock           0x20001864   Data          92  freertos.o(.bss)
    tDevCommTaskBuffer                       0x200018c0   Data         512  freertos.o(.bss)
    tDevCommTaskControlBlock                 0x20001ac0   Data          92  freertos.o(.bss)
    tDataPackTaskBuffer                      0x20001b1c   Data         512  freertos.o(.bss)
    tDataPackTaskControlBlock                0x20001d1c   Data          92  freertos.o(.bss)
    htim1                                    0x20002430   Data          64  stm32f3xx_hal_timebase_tim.o(.bss)
    __initial_sp                             0x20002870   Data           0  startup_stm32f303xc.o(STACK)



==============================================================================

Memory Map of the image

  Image Entry point : 0x08000189

  Load Region LR_IROM1 (Base: 0x08000000, Size: 0x00005c8c, Max: 0x00040000, ABSOLUTE)

    Execution Region ER_IROM1 (Exec base: 0x08000000, Load base: 0x08000000, Size: 0x00005bbc, Max: 0x00040000, ABSOLUTE)

    Exec Addr    Load Addr    Size         Type   Attr      Idx    E Section Name        Object

    0x08000000   0x08000000   0x00000188   Data   RO            3    RESET               startup_stm32f303xc.o
    0x08000188   0x08000188   0x00000000   Code   RO         5148  * .ARM.Collect$$$$00000000  mc_w.l(entry.o)
    0x08000188   0x08000188   0x00000004   Code   RO         5169    .ARM.Collect$$$$00000001  mc_w.l(entry2.o)
    0x0800018c   0x0800018c   0x00000004   Code   RO         5172    .ARM.Collect$$$$00000004  mc_w.l(entry5.o)
    0x08000190   0x08000190   0x00000000   Code   RO         5174    .ARM.Collect$$$$00000008  mc_w.l(entry7b.o)
    0x08000190   0x08000190   0x00000000   Code   RO         5176    .ARM.Collect$$$$0000000A  mc_w.l(entry8b.o)
    0x08000190   0x08000190   0x00000008   Code   RO         5177    .ARM.Collect$$$$0000000B  mc_w.l(entry9a.o)
    0x08000198   0x08000198   0x00000000   Code   RO         5179    .ARM.Collect$$$$0000000D  mc_w.l(entry10a.o)
    0x08000198   0x08000198   0x00000000   Code   RO         5181    .ARM.Collect$$$$0000000F  mc_w.l(entry11a.o)
    0x08000198   0x08000198   0x00000004   Code   RO         5170    .ARM.Collect$$$$00002712  mc_w.l(entry2.o)
    0x0800019c   0x0800019c   0x000000ba   Code   RO         1126    .emb_text           port.o
    0x08000256   0x08000256   0x00000002   PAD
    0x08000258   0x08000258   0x00000024   Code   RO            4    .text               startup_stm32f303xc.o
    0x0800027c   0x0800027c   0x00000020   Code   RO         5151    .text               mc_w.l(llushr.o)
    0x0800029c   0x0800029c   0x00000024   Code   RO         5153    .text               mc_w.l(memcpya.o)
    0x080002c0   0x080002c0   0x000000e4   Code   RO         5159    .text               mf_w.l(dmul.o)
    0x080003a4   0x080003a4   0x00000022   Code   RO         5161    .text               mf_w.l(dflti.o)
    0x080003c6   0x080003c6   0x0000003e   Code   RO         5163    .text               mf_w.l(dfixi.o)
    0x08000404   0x08000404   0x00000026   Code   RO         5165    .text               mf_w.l(f2d.o)
    0x0800042a   0x0800042a   0x0000001e   Code   RO         5183    .text               mc_w.l(llshl.o)
    0x08000448   0x08000448   0x00000000   Code   RO         5187    .text               mc_w.l(iusefp.o)
    0x08000448   0x08000448   0x000000ba   Code   RO         5190    .text               mf_w.l(depilogue.o)
    0x08000502   0x08000502   0x00000002   PAD
    0x08000504   0x08000504   0x00000024   Code   RO         5194    .text               mc_w.l(init.o)
    0x08000528   0x08000528   0x00000038   Code   RO         1252    i.AddChecksumm16b   u_checksum.o
    0x08000560   0x08000560   0x0000001c   Code   RO         1253    i.AddChecksumm8b    u_checksum.o
    0x0800057c   0x0800057c   0x0000001e   Code   RO         1299    i.CompChecksum      u_communication.o
    0x0800059a   0x0800059a   0x00000002   PAD
    0x0800059c   0x0800059c   0x0000000c   Code   RO         2203    i.DMA1_Channel2_IRQHandler  stm32f3xx_it.o
    0x080005a8   0x080005a8   0x0000000c   Code   RO         2204    i.DMA1_Channel3_IRQHandler  stm32f3xx_it.o
    0x080005b4   0x080005b4   0x0000000c   Code   RO         2205    i.DMA1_Channel4_IRQHandler  stm32f3xx_it.o
    0x080005c0   0x080005c0   0x0000000c   Code   RO         2206    i.DMA1_Channel5_IRQHandler  stm32f3xx_it.o
    0x080005cc   0x080005cc   0x0000000c   Code   RO         2207    i.DMA1_Channel6_IRQHandler  stm32f3xx_it.o
    0x080005d8   0x080005d8   0x0000000c   Code   RO         2208    i.DMA1_Channel7_IRQHandler  stm32f3xx_it.o
    0x080005e4   0x080005e4   0x0000000c   Code   RO         2209    i.DMA2_Channel3_IRQHandler  stm32f3xx_it.o
    0x080005f0   0x080005f0   0x0000000c   Code   RO         2210    i.DMA2_Channel5_IRQHandler  stm32f3xx_it.o
    0x080005fc   0x080005fc   0x0000003c   Code   RO         4032    i.DMA_CalcBaseAndBitshift  stm32f3xx_hal_dma.o
    0x08000638   0x08000638   0x0000002a   Code   RO         4033    i.DMA_SetConfig     stm32f3xx_hal_dma.o
    0x08000662   0x08000662   0x00000072   Code   RO         1300    i.DevRequestUpdate  u_communication.o
    0x080006d4   0x080006d4   0x0000006e   Code   RO         1301    i.DevResponseUpdate  u_communication.o
    0x08000742   0x08000742   0x00000018   Code   RO         1302    i.FloatFromUint8    u_communication.o
    0x0800075a   0x0800075a   0x0000004a   Code   RO         4035    i.HAL_DMA_Abort_IT  stm32f3xx_hal_dma.o
    0x080007a4   0x080007a4   0x000000a8   Code   RO         4039    i.HAL_DMA_IRQHandler  stm32f3xx_hal_dma.o
    0x0800084c   0x0800084c   0x00000056   Code   RO         4040    i.HAL_DMA_Init      stm32f3xx_hal_dma.o
    0x080008a2   0x080008a2   0x00000070   Code   RO         4044    i.HAL_DMA_Start_IT  stm32f3xx_hal_dma.o
    0x08000912   0x08000912   0x00000002   PAD
    0x08000914   0x08000914   0x00000188   Code   RO         3129    i.HAL_GPIO_Init     stm32f3xx_hal_gpio.o
    0x08000a9c   0x08000a9c   0x00000008   Code   RO         3132    i.HAL_GPIO_TogglePin  stm32f3xx_hal_gpio.o
    0x08000aa4   0x08000aa4   0x0000000a   Code   RO         3133    i.HAL_GPIO_WritePin  stm32f3xx_hal_gpio.o
    0x08000aae   0x08000aae   0x00000002   PAD
    0x08000ab0   0x08000ab0   0x0000000c   Code   RO         2984    i.HAL_GetTick       stm32f3xx_hal.o
    0x08000abc   0x08000abc   0x0000003a   Code   RO         4583    i.HAL_HalfDuplex_EnableReceiver  stm32f3xx_hal_uart.o
    0x08000af6   0x08000af6   0x0000003a   Code   RO         4584    i.HAL_HalfDuplex_EnableTransmitter  stm32f3xx_hal_uart.o
    0x08000b30   0x08000b30   0x00000056   Code   RO         4424    i.HAL_I2CEx_ConfigAnalogFilter  stm32f3xx_hal_i2c_ex.o
    0x08000b86   0x08000b86   0x00000052   Code   RO         4425    i.HAL_I2CEx_ConfigDigitalFilter  stm32f3xx_hal_i2c_ex.o
    0x08000bd8   0x08000bd8   0x000000b8   Code   RO         3288    i.HAL_I2C_Init      stm32f3xx_hal_i2c.o
    0x08000c90   0x08000c90   0x0000004c   Code   RO         1812    i.HAL_I2C_MspInit   i2c.o
    0x08000cdc   0x08000cdc   0x0000005e   Code   RO         5075    i.HAL_IWDG_Init     stm32f3xx_hal_iwdg.o
    0x08000d3a   0x08000d3a   0x00000002   PAD
    0x08000d3c   0x08000d3c   0x00000010   Code   RO         2988    i.HAL_IncTick       stm32f3xx_hal.o
    0x08000d4c   0x08000d4c   0x00000024   Code   RO         2989    i.HAL_Init          stm32f3xx_hal.o
    0x08000d70   0x08000d70   0x00000074   Code   RO         2163    i.HAL_InitTick      stm32f3xx_hal_timebase_tim.o
    0x08000de4   0x08000de4   0x00000070   Code   RO         1787    i.HAL_MspInit       stm32f3xx_hal_msp.o
    0x08000e54   0x08000e54   0x00000016   Code   RO         4137    i.HAL_NVIC_EnableIRQ  stm32f3xx_hal_cortex.o
    0x08000e6a   0x08000e6a   0x00000002   PAD
    0x08000e6c   0x08000e6c   0x00000040   Code   RO         4143    i.HAL_NVIC_SetPriority  stm32f3xx_hal_cortex.o
    0x08000eac   0x08000eac   0x00000024   Code   RO         4144    i.HAL_NVIC_SetPriorityGrouping  stm32f3xx_hal_cortex.o
    0x08000ed0   0x08000ed0   0x00000218   Code   RO         4945    i.HAL_RCCEx_PeriphCLKConfig  stm32f3xx_hal_rcc_ex.o
    0x080010e8   0x080010e8   0x00000188   Code   RO         4479    i.HAL_RCC_ClockConfig  stm32f3xx_hal_rcc.o
    0x08001270   0x08001270   0x00000040   Code   RO         4483    i.HAL_RCC_GetClockConfig  stm32f3xx_hal_rcc.o
    0x080012b0   0x080012b0   0x0000000c   Code   RO         4484    i.HAL_RCC_GetHCLKFreq  stm32f3xx_hal_rcc.o
    0x080012bc   0x080012bc   0x00000030   Code   RO         4486    i.HAL_RCC_GetPCLK1Freq  stm32f3xx_hal_rcc.o
    0x080012ec   0x080012ec   0x00000030   Code   RO         4487    i.HAL_RCC_GetPCLK2Freq  stm32f3xx_hal_rcc.o
    0x0800131c   0x0800131c   0x00000064   Code   RO         4488    i.HAL_RCC_GetSysClockFreq  stm32f3xx_hal_rcc.o
    0x08001380   0x08001380   0x000005ac   Code   RO         4491    i.HAL_RCC_OscConfig  stm32f3xx_hal_rcc.o
    0x0800192c   0x0800192c   0x0000008c   Code   RO         4268    i.HAL_RS485Ex_Init  stm32f3xx_hal_uart_ex.o
    0x080019b8   0x080019b8   0x00000018   Code   RO         4146    i.HAL_SYSTICK_CLKSourceConfig  stm32f3xx_hal_cortex.o
    0x080019d0   0x080019d0   0x00000028   Code   RO         4148    i.HAL_SYSTICK_Config  stm32f3xx_hal_cortex.o
    0x080019f8   0x080019f8   0x00000002   Code   RO         3705    i.HAL_TIMEx_Break2Callback  stm32f3xx_hal_tim_ex.o
    0x080019fa   0x080019fa   0x00000002   Code   RO         3706    i.HAL_TIMEx_BreakCallback  stm32f3xx_hal_tim_ex.o
    0x080019fc   0x080019fc   0x00000002   Code   RO         3707    i.HAL_TIMEx_CommutationCallback  stm32f3xx_hal_tim_ex.o
    0x080019fe   0x080019fe   0x00000002   PAD
    0x08001a00   0x08001a00   0x00000058   Code   RO         3724    i.HAL_TIMEx_MasterConfigSynchronization  stm32f3xx_hal_tim_ex.o
    0x08001a58   0x08001a58   0x00000036   Code   RO         2329    i.HAL_TIM_Base_Init  stm32f3xx_hal_tim.o
    0x08001a8e   0x08001a8e   0x00000002   PAD
    0x08001a90   0x08001a90   0x00000028   Code   RO         1947    i.HAL_TIM_Base_MspInit  tim.o
    0x08001ab8   0x08001ab8   0x00000018   Code   RO         2334    i.HAL_TIM_Base_Start_IT  stm32f3xx_hal_tim.o
    0x08001ad0   0x08001ad0   0x00000002   Code   RO         2360    i.HAL_TIM_IC_CaptureCallback  stm32f3xx_hal_tim.o
    0x08001ad2   0x08001ad2   0x00000184   Code   RO         2373    i.HAL_TIM_IRQHandler  stm32f3xx_hal_tim.o
    0x08001c56   0x08001c56   0x00000002   Code   RO         2376    i.HAL_TIM_OC_DelayElapsedCallback  stm32f3xx_hal_tim.o
    0x08001c58   0x08001c58   0x00000002   Code   RO         2403    i.HAL_TIM_PWM_PulseFinishedCallback  stm32f3xx_hal_tim.o
    0x08001c5a   0x08001c5a   0x00000002   PAD
    0x08001c5c   0x08001c5c   0x00000014   Code   RO         1994    i.HAL_TIM_PeriodElapsedCallback  main.o
    0x08001c70   0x08001c70   0x00000002   Code   RO         2414    i.HAL_TIM_TriggerCallback  stm32f3xx_hal_tim.o
    0x08001c72   0x08001c72   0x00000002   Code   RO         4272    i.HAL_UARTEx_WakeupCallback  stm32f3xx_hal_uart_ex.o
    0x08001c74   0x08001c74   0x00000002   Code   RO         4605    i.HAL_UART_ErrorCallback  stm32f3xx_hal_uart.o
    0x08001c76   0x08001c76   0x00000002   PAD
    0x08001c78   0x08001c78   0x00000140   Code   RO         4608    i.HAL_UART_IRQHandler  stm32f3xx_hal_uart.o
    0x08001db8   0x08001db8   0x0000006a   Code   RO         4609    i.HAL_UART_Init     stm32f3xx_hal_uart.o
    0x08001e22   0x08001e22   0x00000002   PAD
    0x08001e24   0x08001e24   0x00000330   Code   RO         1857    i.HAL_UART_MspInit  usart.o
    0x08002154   0x08002154   0x00000090   Code   RO         4613    i.HAL_UART_Receive_DMA  stm32f3xx_hal_uart.o
    0x080021e4   0x080021e4   0x0000007a   Code   RO         4614    i.HAL_UART_Receive_IT  stm32f3xx_hal_uart.o
    0x0800225e   0x0800225e   0x00000002   PAD
    0x08002260   0x08002260   0x00000040   Code   RO         1303    i.HAL_UART_RxCpltCallback  u_communication.o
    0x080022a0   0x080022a0   0x00000002   Code   RO         4616    i.HAL_UART_RxHalfCpltCallback  stm32f3xx_hal_uart.o
    0x080022a2   0x080022a2   0x00000002   PAD
    0x080022a4   0x080022a4   0x00000088   Code   RO         4618    i.HAL_UART_Transmit_DMA  stm32f3xx_hal_uart.o
    0x0800232c   0x0800232c   0x00000040   Code   RO         1304    i.HAL_UART_TxCpltCallback  u_communication.o
    0x0800236c   0x0800236c   0x00000002   Code   RO         4621    i.HAL_UART_TxHalfCpltCallback  stm32f3xx_hal_uart.o
    0x0800236e   0x0800236e   0x00000002   PAD
    0x08002370   0x08002370   0x0000015c   Code   RO         1305    i.IMUReceive        u_communication.o
    0x080024cc   0x080024cc   0x00000048   Code   RO         1255    i.IsChecksumm16bCorrect  u_checksum.o
    0x08002514   0x08002514   0x00000026   Code   RO         1256    i.IsChecksumm8bCorrect  u_checksum.o
    0x0800253a   0x0800253a   0x00000002   PAD
    0x0800253c   0x0800253c   0x000000ac   Code   RO         1752    i.MX_DMA_Init       dma.o
    0x080025e8   0x080025e8   0x000000fc   Code   RO         2049    i.MX_FREERTOS_Init  freertos.o
    0x080026e4   0x080026e4   0x000000a8   Code   RO         2303    i.MX_GPIO_Init      gpio.o
    0x0800278c   0x0800278c   0x00000074   Code   RO         1813    i.MX_I2C1_Init      i2c.o
    0x08002800   0x08002800   0x00000044   Code   RO         1916    i.MX_IWDG_Init      iwdg.o
    0x08002844   0x08002844   0x00000054   Code   RO         1948    i.MX_TIM7_Init      tim.o
    0x08002898   0x08002898   0x00000050   Code   RO         1858    i.MX_UART4_Init     usart.o
    0x080028e8   0x080028e8   0x00000054   Code   RO         1859    i.MX_USART1_UART_Init  usart.o
    0x0800293c   0x0800293c   0x00000054   Code   RO         1860    i.MX_USART2_UART_Init  usart.o
    0x08002990   0x08002990   0x00000054   Code   RO         1861    i.MX_USART3_UART_Init  usart.o
    0x080029e4   0x080029e4   0x00000020   Code   RO         4150    i.NVIC_SetPriority  stm32f3xx_hal_cortex.o
    0x08002a04   0x08002a04   0x000002be   Code   RO         1306    i.ShoreConfigRequest  u_communication.o
    0x08002cc2   0x08002cc2   0x00000002   PAD
    0x08002cc4   0x08002cc4   0x000000a0   Code   RO         1307    i.ShoreReceive      u_communication.o
    0x08002d64   0x08002d64   0x00000214   Code   RO         1308    i.ShoreRequest      u_communication.o
    0x08002f78   0x08002f78   0x00000154   Code   RO         1309    i.ShoreResponse     u_communication.o
    0x080030cc   0x080030cc   0x00000004   Code   RO         2211    i.SysTick_Handler   stm32f3xx_it.o
    0x080030d0   0x080030d0   0x0000008e   Code   RO         1995    i.SystemClock_Config  main.o
    0x0800315e   0x0800315e   0x00000002   PAD
    0x08003160   0x08003160   0x00000068   Code   RO         5106    i.SystemInit        system_stm32f3xx.o
    0x080031c8   0x080031c8   0x0000000c   Code   RO         2212    i.TIM1_UP_TIM16_IRQHandler  stm32f3xx_it.o
    0x080031d4   0x080031d4   0x000000b0   Code   RO         2415    i.TIM_Base_SetConfig  stm32f3xx_hal_tim.o
    0x08003284   0x08003284   0x0000000c   Code   RO         2213    i.UART4_IRQHandler  stm32f3xx_it.o
    0x08003290   0x08003290   0x000000c8   Code   RO         4622    i.UART_AdvFeatureConfig  stm32f3xx_hal_uart.o
    0x08003358   0x08003358   0x0000005c   Code   RO         4623    i.UART_CheckIdleState  stm32f3xx_hal_uart.o
    0x080033b4   0x080033b4   0x00000014   Code   RO         4624    i.UART_DMAAbortOnError  stm32f3xx_hal_uart.o
    0x080033c8   0x080033c8   0x0000004a   Code   RO         4625    i.UART_DMAError     stm32f3xx_hal_uart.o
    0x08003412   0x08003412   0x0000003e   Code   RO         4626    i.UART_DMAReceiveCplt  stm32f3xx_hal_uart.o
    0x08003450   0x08003450   0x0000000a   Code   RO         4628    i.UART_DMARxHalfCplt  stm32f3xx_hal_uart.o
    0x0800345a   0x0800345a   0x00000030   Code   RO         4630    i.UART_DMATransmitCplt  stm32f3xx_hal_uart.o
    0x0800348a   0x0800348a   0x0000000a   Code   RO         4632    i.UART_DMATxHalfCplt  stm32f3xx_hal_uart.o
    0x08003494   0x08003494   0x0000001c   Code   RO         4634    i.UART_EndRxTransfer  stm32f3xx_hal_uart.o
    0x080034b0   0x080034b0   0x0000001a   Code   RO         4635    i.UART_EndTransmit_IT  stm32f3xx_hal_uart.o
    0x080034ca   0x080034ca   0x00000012   Code   RO         4636    i.UART_EndTxTransfer  stm32f3xx_hal_uart.o
    0x080034dc   0x080034dc   0x00000076   Code   RO         4637    i.UART_Receive_IT   stm32f3xx_hal_uart.o
    0x08003552   0x08003552   0x00000002   PAD
    0x08003554   0x08003554   0x000001d4   Code   RO         4638    i.UART_SetConfig    stm32f3xx_hal_uart.o
    0x08003728   0x08003728   0x00000064   Code   RO         4639    i.UART_Transmit_IT  stm32f3xx_hal_uart.o
    0x0800378c   0x0800378c   0x00000064   Code   RO         4640    i.UART_WaitOnFlagUntilTimeout  stm32f3xx_hal_uart.o
    0x080037f0   0x080037f0   0x0000000c   Code   RO         2214    i.USART1_IRQHandler  stm32f3xx_it.o
    0x080037fc   0x080037fc   0x0000000c   Code   RO         2215    i.USART3_IRQHandler  stm32f3xx_it.o
    0x08003808   0x08003808   0x00000084   Code   RO         1310    i.VMARequestUpdate  u_communication.o
    0x0800388c   0x0800388c   0x000000ea   Code   RO         1311    i.VMAResponseUpdate  u_communication.o
    0x08003976   0x08003976   0x00000002   Code   RO         1996    i._Error_Handler    main.o
    0x08003978   0x08003978   0x0000000e   Code   RO         5198    i.__scatterload_copy  mc_w.l(handlers.o)
    0x08003986   0x08003986   0x00000002   Code   RO         5199    i.__scatterload_null  mc_w.l(handlers.o)
    0x08003988   0x08003988   0x0000000e   Code   RO         5200    i.__scatterload_zeroinit  mc_w.l(handlers.o)
    0x08003996   0x08003996   0x00000002   PAD
    0x08003998   0x08003998   0x0000001c   Code   RO         1563    i.fromTickToMs      u_freertostick.o
    0x080039b4   0x080039b4   0x000000a4   Code   RO         2050    i.func_tDataPackTask  freertos.o
    0x08003a58   0x08003a58   0x0000006c   Code   RO         2051    i.func_tDevCommTask  freertos.o
    0x08003ac4   0x08003ac4   0x0000004c   Code   RO         2052    i.func_tImuCommTask  freertos.o
    0x08003b10   0x08003b10   0x000000f4   Code   RO         2053    i.func_tLedBlinkingTask  freertos.o
    0x08003c04   0x08003c04   0x00000034   Code   RO         2054    i.func_tStabilizationTask  freertos.o
    0x08003c38   0x08003c38   0x000000b8   Code   RO         2055    i.func_tUartTimer   freertos.o
    0x08003cf0   0x08003cf0   0x0000006c   Code   RO         2056    i.func_tVmaCommTask  freertos.o
    0x08003d5c   0x08003d5c   0x0000000c   Code   RO          382    i.inHandlerMode     cmsis_os.o
    0x08003d68   0x08003d68   0x00000036   Code   RO         1997    i.main              main.o
    0x08003d9e   0x08003d9e   0x0000000c   Code   RO          384    i.makeFreeRtosPriority  cmsis_os.o
    0x08003daa   0x08003daa   0x0000000e   Code   RO          386    i.osDelay           cmsis_os.o
    0x08003db8   0x08003db8   0x0000000e   Code   RO          387    i.osDelayUntil      cmsis_os.o
    0x08003dc6   0x08003dc6   0x0000000a   Code   RO          389    i.osKernelStart     cmsis_os.o
    0x08003dd0   0x08003dd0   0x00000018   Code   RO          390    i.osKernelSysTick   cmsis_os.o
    0x08003de8   0x08003de8   0x00000026   Code   RO          398    i.osMessageCreate   cmsis_os.o
    0x08003e0e   0x08003e0e   0x00000014   Code   RO          422    i.osSystickHandler  cmsis_os.o
    0x08003e22   0x08003e22   0x00000054   Code   RO          423    i.osThreadCreate    cmsis_os.o
    0x08003e76   0x08003e76   0x00000002   PAD
    0x08003e78   0x08003e78   0x00000040   Code   RO          434    i.osTimerCreate     cmsis_os.o
    0x08003eb8   0x08003eb8   0x00000070   Code   RO          835    i.prvAddCurrentTaskToDelayedList  tasks.o
    0x08003f28   0x08003f28   0x000000d0   Code   RO          836    i.prvAddNewTaskToReadyList  tasks.o
    0x08003ff8   0x08003ff8   0x00000058   Code   RO           11    i.prvCheckForValidListAndQueue  timers.o
    0x08004050   0x08004050   0x00000050   Code   RO          837    i.prvCheckTasksWaitingTermination  tasks.o
    0x080040a0   0x080040a0   0x00000026   Code   RO          173    i.prvCopyDataFromQueue  queue.o
    0x080040c6   0x080040c6   0x0000005a   Code   RO          174    i.prvCopyDataToQueue  queue.o
    0x08004120   0x08004120   0x00000034   Code   RO          838    i.prvDeleteTCB      tasks.o
    0x08004154   0x08004154   0x0000004c   Code   RO         1203    i.prvHeapInit       heap_4.o
    0x080041a0   0x080041a0   0x00000028   Code   RO          839    i.prvIdleTask       tasks.o
    0x080041c8   0x080041c8   0x00000016   Code   RO          175    i.prvInitialiseNewQueue  queue.o
    0x080041de   0x080041de   0x0000008a   Code   RO          840    i.prvInitialiseNewTask  tasks.o
    0x08004268   0x08004268   0x00000044   Code   RO           12    i.prvInitialiseNewTimer  timers.o
    0x080042ac   0x080042ac   0x0000004c   Code   RO         1204    i.prvInsertBlockIntoFreeList  heap_4.o
    0x080042f8   0x080042f8   0x00000038   Code   RO           13    i.prvInsertTimerInActiveList  timers.o
    0x08004330   0x08004330   0x0000001c   Code   RO          176    i.prvIsQueueEmpty   queue.o
    0x0800434c   0x0800434c   0x000000c0   Code   RO           14    i.prvProcessReceivedCommands  timers.o
    0x0800440c   0x0800440c   0x000000b4   Code   RO           15    i.prvProcessTimerOrBlockTask  timers.o
    0x080044c0   0x080044c0   0x00000020   Code   RO          841    i.prvResetNextTaskUnblockTime  tasks.o
    0x080044e0   0x080044e0   0x00000028   Code   RO           16    i.prvSampleTimeNow  timers.o
    0x08004508   0x08004508   0x0000006c   Code   RO           17    i.prvSwitchTimerLists  timers.o
    0x08004574   0x08004574   0x00000028   Code   RO         1127    i.prvTaskExitError  port.o
    0x0800459c   0x0800459c   0x00000024   Code   RO           18    i.prvTimerTask      timers.o
    0x080045c0   0x080045c0   0x0000006a   Code   RO          177    i.prvUnlockQueue    queue.o
    0x0800462a   0x0800462a   0x00000002   PAD
    0x0800462c   0x0800462c   0x000000d8   Code   RO         1205    i.pvPortMalloc      heap_4.o
    0x08004704   0x08004704   0x0000002c   Code   RO         1128    i.pxPortInitialiseStack  port.o
    0x08004730   0x08004730   0x00000030   Code   RO         2057    i.qDataSend         freertos.o
    0x08004760   0x08004760   0x000000ec   Code   RO         1313    i.receivePackageDMA  u_communication.o
    0x0800484c   0x0800484c   0x00000064   Code   RO         1672    i.stabilizePitch    u_stabilization.o
    0x080048b0   0x080048b0   0x00000064   Code   RO         1673    i.stabilizeRoll     u_stabilization.o
    0x08004914   0x08004914   0x000000e4   Code   RO         1314    i.transmitPackageDMA  u_communication.o
    0x080049f8   0x080049f8   0x000000b4   Code   RO         1604    i.update            u_pid.o
    0x08004aac   0x08004aac   0x00000024   Code   RO          335    i.uxListRemove      list.o
    0x08004ad0   0x08004ad0   0x00000014   Code   RO         2058    i.vApplicationGetIdleTaskMemory  freertos.o
    0x08004ae4   0x08004ae4   0x00000018   Code   RO         2059    i.vApplicationGetTimerTaskMemory  freertos.o
    0x08004afc   0x08004afc   0x00000016   Code   RO          336    i.vListInitialise   list.o
    0x08004b12   0x08004b12   0x00000006   Code   RO          337    i.vListInitialiseItem  list.o
    0x08004b18   0x08004b18   0x00000030   Code   RO          338    i.vListInsert       list.o
    0x08004b48   0x08004b48   0x00000018   Code   RO          339    i.vListInsertEnd    list.o
    0x08004b60   0x08004b60   0x00000040   Code   RO         1130    i.vPortEnterCritical  port.o
    0x08004ba0   0x08004ba0   0x00000028   Code   RO         1131    i.vPortExitCritical  port.o
    0x08004bc8   0x08004bc8   0x0000005c   Code   RO         1206    i.vPortFree         heap_4.o
    0x08004c24   0x08004c24   0x00000020   Code   RO         1132    i.vPortSetupTimerInterrupt  port.o
    0x08004c44   0x08004c44   0x00000054   Code   RO         1133    i.vPortValidateInterruptPriority  port.o
    0x08004c98   0x08004c98   0x00000028   Code   RO          181    i.vQueueAddToRegistry  queue.o
    0x08004cc0   0x08004cc0   0x00000044   Code   RO          184    i.vQueueWaitForMessageRestricted  queue.o
    0x08004d04   0x08004d04   0x0000004c   Code   RO          848    i.vTaskDelay        tasks.o
    0x08004d50   0x08004d50   0x0000008c   Code   RO          849    i.vTaskDelayUntil   tasks.o
    0x08004ddc   0x08004ddc   0x0000000c   Code   RO          852    i.vTaskMissedYield  tasks.o
    0x08004de8   0x08004de8   0x00000030   Code   RO          854    i.vTaskPlaceOnEventList  tasks.o
    0x08004e18   0x08004e18   0x00000038   Code   RO          855    i.vTaskPlaceOnEventListRestricted  tasks.o
    0x08004e50   0x08004e50   0x00000024   Code   RO          859    i.vTaskSetTimeOutState  tasks.o
    0x08004e74   0x08004e74   0x00000088   Code   RO          860    i.vTaskStartScheduler  tasks.o
    0x08004efc   0x08004efc   0x00000010   Code   RO          862    i.vTaskSuspendAll   tasks.o
    0x08004f0c   0x08004f0c   0x0000005c   Code   RO          863    i.vTaskSwitchContext  tasks.o
    0x08004f68   0x08004f68   0x0000009c   Code   RO         1315    i.variableInit      u_communication.o
    0x08005004   0x08005004   0x00000012   Code   RO         1316    i.writeBit          u_communication.o
    0x08005016   0x08005016   0x00000002   PAD
    0x08005018   0x08005018   0x000000e0   Code   RO         1134    i.xPortStartScheduler  port.o
    0x080050f8   0x080050f8   0x0000002c   Code   RO         1135    i.xPortSysTickHandler  port.o
    0x08005124   0x08005124   0x00000048   Code   RO          185    i.xQueueGenericCreate  queue.o
    0x0800516c   0x0800516c   0x00000066   Code   RO          186    i.xQueueGenericCreateStatic  queue.o
    0x080051d2   0x080051d2   0x00000002   PAD
    0x080051d4   0x080051d4   0x00000150   Code   RO          187    i.xQueueGenericReceive  queue.o
    0x08005324   0x08005324   0x00000088   Code   RO          188    i.xQueueGenericReset  queue.o
    0x080053ac   0x080053ac   0x00000160   Code   RO          189    i.xQueueGenericSend  queue.o
    0x0800550c   0x0800550c   0x000000bc   Code   RO          190    i.xQueueGenericSendFromISR  queue.o
    0x080055c8   0x080055c8   0x0000006c   Code   RO          864    i.xTaskCheckForTimeOut  tasks.o
    0x08005634   0x08005634   0x0000005a   Code   RO          865    i.xTaskCreate       tasks.o
    0x0800568e   0x0800568e   0x00000052   Code   RO          866    i.xTaskCreateStatic  tasks.o
    0x080056e0   0x080056e0   0x0000001c   Code   RO          869    i.xTaskGetSchedulerState  tasks.o
    0x080056fc   0x080056fc   0x0000000c   Code   RO          870    i.xTaskGetTickCount  tasks.o
    0x08005708   0x08005708   0x00000010   Code   RO          871    i.xTaskGetTickCountFromISR  tasks.o
    0x08005718   0x08005718   0x000000c8   Code   RO          872    i.xTaskIncrementTick  tasks.o
    0x080057e0   0x080057e0   0x00000074   Code   RO          875    i.xTaskRemoveFromEventList  tasks.o
    0x08005854   0x08005854   0x000000c4   Code   RO          877    i.xTaskResumeAll    tasks.o
    0x08005918   0x08005918   0x00000034   Code   RO           21    i.xTimerCreate      timers.o
    0x0800594c   0x0800594c   0x0000002e   Code   RO           22    i.xTimerCreateStatic  timers.o
    0x0800597a   0x0800597a   0x00000002   PAD
    0x0800597c   0x0800597c   0x00000060   Code   RO           23    i.xTimerCreateTimerTask  timers.o
    0x080059dc   0x080059dc   0x00000060   Code   RO           24    i.xTimerGenericCommand  timers.o
    0x08005a3c   0x08005a3c   0x000000c0   Data   RO         2073    .constdata          freertos.o
    0x08005afc   0x08005afc   0x00000020   Data   RO         4492    .constdata          stm32f3xx_hal_rcc.o
    0x08005b1c   0x08005b1c   0x00000010   Data   RO         5107    .constdata          system_stm32f3xx.o
    0x08005b2c   0x08005b2c   0x00000008   Data   RO         5108    .constdata          system_stm32f3xx.o
    0x08005b34   0x08005b34   0x00000067   Data   RO         2074    .conststring        freertos.o
    0x08005b9b   0x08005b9b   0x00000001   PAD
    0x08005b9c   0x08005b9c   0x00000020   Data   RO         5196    Region$$Table       anon$$obj.o


    Execution Region RW_IRAM2 (Exec base: 0x10000000, Load base: 0x08005c8c, Size: 0x00000000, Max: 0x00002000, ABSOLUTE)

    **** No section assigned to this execution region ****


    Execution Region RW_IRAM1 (Exec base: 0x20000000, Load base: 0x08005bbc, Size: 0x00002870, Max: 0x0000c000, ABSOLUTE)

    Exec Addr    Load Addr    Size         Type   Attr      Idx    E Section Name        Object

    0x20000000   0x08005bbc   0x00000014   Data   RW           30    .data               timers.o
    0x20000014   0x08005bd0   0x0000003c   Data   RW          880    .data               tasks.o
    0x20000050   0x08005c0c   0x0000000c   Data   RW         1136    .data               port.o
    0x2000005c   0x08005c18   0x00000018   Data   RW         1211    .data               heap_4.o
    0x20000074   0x08005c30   0x00000014   Data   RW         1317    .data               u_communication.o
    0x20000088   0x08005c44   0x00000001   Data   RW         1731    .data               u_global.o
    0x20000089   0x08005c45   0x00000007   Data   RW         1732    .data               u_global.o
    0x20000090   0x08005c4c   0x00000007   Data   RW         1735    .data               u_global.o
    0x20000097   0x08005c53   0x00000007   Data   RW         1736    .data               u_global.o
    0x2000009e   0x08005c5a   0x00000002   PAD
    0x200000a0   0x08005c5c   0x00000028   Data   RW         2075    .data               freertos.o
    0x200000c8   0x08005c84   0x00000004   Data   RW         2995    .data               stm32f3xx_hal.o
    0x200000cc   0x08005c88   0x00000004   Data   RW         5109    .data               system_stm32f3xx.o
    0x200000d0        -       0x000000e8   Zero   RW           29    .bss                timers.o
    0x200001b8        -       0x00000040   Zero   RW          196    .bss                queue.o
    0x200001f8        -       0x000000b4   Zero   RW          879    .bss                tasks.o
    0x200002ac        -       0x00000400   Zero   RW         1210    .bss                heap_4.o
    0x200006ac        -       0x000000d0   Zero   RW         1676    .bss                u_stabilization.o
    0x2000077c   0x08005c8c   0x00000004   PAD
    0x20000780        -       0x000001a0   Zero   RW         1724    .bss                u_global.o
    0x20000920        -       0x0000001b   Zero   RW         1725    .bss                u_global.o
    0x2000093b        -       0x00000097   Zero   RW         1726    .bss                u_global.o
    0x200009d2        -       0x0000003f   Zero   RW         1727    .bss                u_global.o
    0x20000a11        -       0x0000004b   Zero   RW         1728    .bss                u_global.o
    0x20000a5c        -       0x00000050   Zero   RW         1729    .bss                u_global.o
    0x20000aac        -       0x00000028   Zero   RW         1730    .bss                u_global.o
    0x20000ad4        -       0x0000004c   Zero   RW         1814    .bss                i2c.o
    0x20000b20        -       0x000003e0   Zero   RW         1862    .bss                usart.o
    0x20000f00        -       0x00000010   Zero   RW         1917    .bss                iwdg.o
    0x20000f10        -       0x00000040   Zero   RW         1950    .bss                tim.o
    0x20000f50        -       0x00000200   Zero   RW         2060    .bss                freertos.o
    0x20001150        -       0x0000005c   Zero   RW         2061    .bss                freertos.o
    0x200011ac        -       0x00000200   Zero   RW         2062    .bss                freertos.o
    0x200013ac        -       0x0000005c   Zero   RW         2063    .bss                freertos.o
    0x20001408        -       0x00000200   Zero   RW         2064    .bss                freertos.o
    0x20001608        -       0x0000005c   Zero   RW         2065    .bss                freertos.o
    0x20001664        -       0x00000200   Zero   RW         2066    .bss                freertos.o
    0x20001864        -       0x0000005c   Zero   RW         2067    .bss                freertos.o
    0x200018c0        -       0x00000200   Zero   RW         2068    .bss                freertos.o
    0x20001ac0        -       0x0000005c   Zero   RW         2069    .bss                freertos.o
    0x20001b1c        -       0x00000200   Zero   RW         2070    .bss                freertos.o
    0x20001d1c        -       0x0000005c   Zero   RW         2071    .bss                freertos.o
    0x20001d78        -       0x000006b8   Zero   RW         2072    .bss                freertos.o
    0x20002430        -       0x00000040   Zero   RW         2166    .bss                stm32f3xx_hal_timebase_tim.o
    0x20002470        -       0x00000400   Zero   RW            1    STACK               startup_stm32f303xc.o


==============================================================================

Image component sizes


      Code (inc. data)   RO Data    RW Data    ZI Data      Debug   Object Name

       292          4          0          0          0      30079   cmsis_os.o
         0          0          0          0          0       2916   croutine.o
       172          4          0          0          0        974   dma.o
      1280        168        295         40       5344      15565   freertos.o
       168         10          0          0          0       1147   gpio.o
       460         24          0         24       1024       5163   heap_4.o
       192         42          0          0         76       1889   i2c.o
        68         26          0          0         16        835   iwdg.o
       136          0          0          0          0      16566   list.o
       218          6          0          0          0       3081   main.o
       758         84          0         12          0      12669   port.o
      1578         20          0          0         64      32261   queue.o
        36          8        392          0       1024        896   startup_stm32f303xc.o
        64         16          0          4          0       2896   stm32f3xx_hal.o
       218         14          0          0          0      31489   stm32f3xx_hal_cortex.o
       542         12          0          0          0       5422   stm32f3xx_hal_dma.o
       410         28          0          0          0       3249   stm32f3xx_hal_gpio.o
       184          6          0          0          0       3083   stm32f3xx_hal_i2c.o
       168          0          0          0          0       2103   stm32f3xx_hal_i2c_ex.o
        94          0          0          0          0       1308   stm32f3xx_hal_iwdg.o
       112          6          0          0          0        998   stm32f3xx_hal_msp.o
      2116         90         32          0          0       7545   stm32f3xx_hal_rcc.o
       536         14          0          0          0       1724   stm32f3xx_hal_rcc_ex.o
       650         30          0          0          0       7153   stm32f3xx_hal_tim.o
        94         10          0          0          0       3405   stm32f3xx_hal_tim_ex.o
       116         18          0          0         64       1644   stm32f3xx_hal_timebase_tim.o
      2324         84          0          0          0      20335   stm32f3xx_hal_uart.o
       142          4          0          0          0       2055   stm32f3xx_hal_uart_ex.o
       148         72          0          0          0       6928   stm32f3xx_it.o
       104         22         24          4          0       1355   system_stm32f3xx.o
      2122        172          0         60        180      26707   tasks.o
       124         36          0          0         64       1778   tim.o
      1058         80          0         20        232      42895   timers.o
       194          0          0          0          0       3406   u_checksum.o
      3492        162          0         20          0     596833   u_communication.o
        28          6          0          0          0        587   u_freertostick.o
         0          0          0         22        852       1268   u_global.o
       180         10          0          0          0       1797   u_pid.o
       200         10          0          0        208       4294   u_stabilization.o
      1148        160          0          0        992       4837   usart.o

    ----------------------------------------------------------------------
     21972       1458        776        208      10144     911135   Object Totals
         0          0         32          0          0          0   (incl. Generated)
        46          0          1          2          4          0   (incl. Padding)

    ----------------------------------------------------------------------

      Code (inc. data)   RO Data    RW Data    ZI Data      Debug   Library Member Name

         0          0          0          0          0          0   entry.o
         0          0          0          0          0          0   entry10a.o
         0          0          0          0          0          0   entry11a.o
         8          4          0          0          0          0   entry2.o
         4          0          0          0          0          0   entry5.o
         0          0          0          0          0          0   entry7b.o
         0          0          0          0          0          0   entry8b.o
         8          4          0          0          0          0   entry9a.o
        30          0          0          0          0          0   handlers.o
        36          8          0          0          0         68   init.o
         0          0          0          0          0          0   iusefp.o
        30          0          0          0          0         68   llshl.o
        32          0          0          0          0         68   llushr.o
        36          0          0          0          0         68   memcpya.o
       186          0          0          0          0        176   depilogue.o
        62          0          0          0          0         80   dfixi.o
        34          0          0          0          0         76   dflti.o
       228          0          0          0          0         96   dmul.o
        38          0          0          0          0         68   f2d.o

    ----------------------------------------------------------------------
       736         16          0          0          0        768   Library Totals
         4          0          0          0          0          0   (incl. Padding)

    ----------------------------------------------------------------------

      Code (inc. data)   RO Data    RW Data    ZI Data      Debug   Library Name

       184         16          0          0          0        272   mc_w.l
       548          0          0          0          0        496   mf_w.l

    ----------------------------------------------------------------------
       736         16          0          0          0        768   Library Totals

    ----------------------------------------------------------------------

==============================================================================


      Code (inc. data)   RO Data    RW Data    ZI Data      Debug   

     22708       1474        776        208      10144     891295   Grand Totals
     22708       1474        776        208      10144     891295   ELF Image Totals
     22708       1474        776        208          0          0   ROM Totals

==============================================================================

    Total RO  Size (Code + RO Data)                23484 (  22.93kB)
    Total RW  Size (RW Data + ZI Data)             10352 (  10.11kB)
    Total ROM Size (Code + RO Data + RW Data)      23692 (  23.14kB)

==============================================================================

